Component: ARM Compiler 5.06 update 6 (build 750) Tool: armlink [4d35ed]

==============================================================================

Section Cross References

    main.o(i.Init) refers to misc.o(i.NVIC_PriorityGroupConfig) for NVIC_PriorityGroupConfig
    main.o(i.Init) refers to gpio.o(i.Gpio_Init) for Gpio_Init
    main.o(i.Init) refers to adc.o(i.Adc_Init) for Adc_Init
    main.o(i.Init) refers to pwm.o(i.TIM4_PWM_Init) for TIM4_PWM_Init
    main.o(i.Init) refers to pwm.o(i.TIM1_PWM_Init) for TIM1_PWM_Init
    main.o(i.Init) refers to usart.o(i.uart_init) for uart_init
    main.o(i.Init) refers to delay.o(i.delay_init) for delay_init
    main.o(i.Init) refers to exti.o(i.EXTIX_Init) for EXTIX_Init
    main.o(i.Init) refers to delay.o(i.delay_ms) for delay_ms
    main.o(i.main) refers to main.o(i.Init) for Init
    main.o(i.main) refers to moto_mode.o(i.handao) for handao
    main.o(i.main) refers to delay.o(i.delay_ms) for delay_ms
    system_stm32f10x.o(i.SetSysClock) refers to system_stm32f10x.o(i.SetSysClockTo72) for SetSysClockTo72
    system_stm32f10x.o(i.SystemCoreClockUpdate) refers to system_stm32f10x.o(.data) for SystemCoreClock
    system_stm32f10x.o(i.SystemInit) refers to system_stm32f10x.o(i.SetSysClock) for SetSysClock
    startup_stm32f10x_hd.o(STACK) refers (Special) to heapauxi.o(.text) for __use_two_region_memory
    startup_stm32f10x_hd.o(HEAP) refers (Special) to heapauxi.o(.text) for __use_two_region_memory
    startup_stm32f10x_hd.o(RESET) refers (Special) to heapauxi.o(.text) for __use_two_region_memory
    startup_stm32f10x_hd.o(RESET) refers to startup_stm32f10x_hd.o(STACK) for __initial_sp
    startup_stm32f10x_hd.o(RESET) refers to startup_stm32f10x_hd.o(.text) for Reset_Handler
    startup_stm32f10x_hd.o(RESET) refers to stm32f10x_it.o(i.NMI_Handler) for NMI_Handler
    startup_stm32f10x_hd.o(RESET) refers to stm32f10x_it.o(i.HardFault_Handler) for HardFault_Handler
    startup_stm32f10x_hd.o(RESET) refers to stm32f10x_it.o(i.MemManage_Handler) for MemManage_Handler
    startup_stm32f10x_hd.o(RESET) refers to stm32f10x_it.o(i.BusFault_Handler) for BusFault_Handler
    startup_stm32f10x_hd.o(RESET) refers to stm32f10x_it.o(i.UsageFault_Handler) for UsageFault_Handler
    startup_stm32f10x_hd.o(RESET) refers to stm32f10x_it.o(i.SVC_Handler) for SVC_Handler
    startup_stm32f10x_hd.o(RESET) refers to stm32f10x_it.o(i.DebugMon_Handler) for DebugMon_Handler
    startup_stm32f10x_hd.o(RESET) refers to stm32f10x_it.o(i.PendSV_Handler) for PendSV_Handler
    startup_stm32f10x_hd.o(RESET) refers to stm32f10x_it.o(i.SysTick_Handler) for SysTick_Handler
    startup_stm32f10x_hd.o(RESET) refers to exti.o(i.EXTI2_IRQHandler) for EXTI2_IRQHandler
    startup_stm32f10x_hd.o(RESET) refers to exti.o(i.EXTI4_IRQHandler) for EXTI4_IRQHandler
    startup_stm32f10x_hd.o(RESET) refers to usart.o(i.USART1_IRQHandler) for USART1_IRQHandler
    startup_stm32f10x_hd.o(.text) refers (Special) to heapauxi.o(.text) for __use_two_region_memory
    startup_stm32f10x_hd.o(.text) refers to system_stm32f10x.o(i.SystemInit) for SystemInit
    startup_stm32f10x_hd.o(.text) refers to __main.o(!!!main) for __main
    startup_stm32f10x_hd.o(.text) refers to startup_stm32f10x_hd.o(HEAP) for Heap_Mem
    startup_stm32f10x_hd.o(.text) refers to startup_stm32f10x_hd.o(STACK) for Stack_Mem
    adc.o(i.ADC_DMAConfiguration) refers to stm32f10x_rcc.o(i.RCC_AHBPeriphClockCmd) for RCC_AHBPeriphClockCmd
    adc.o(i.ADC_DMAConfiguration) refers to stm32f10x_dma.o(i.DMA_DeInit) for DMA_DeInit
    adc.o(i.ADC_DMAConfiguration) refers to stm32f10x_dma.o(i.DMA_Init) for DMA_Init
    adc.o(i.ADC_DMAConfiguration) refers to stm32f10x_dma.o(i.DMA_ITConfig) for DMA_ITConfig
    adc.o(i.ADC_DMAConfiguration) refers to stm32f10x_dma.o(i.DMA_Cmd) for DMA_Cmd
    adc.o(i.ADC_DMAConfiguration) refers to adc.o(.bss) for ADValue
    adc.o(i.Adc_GetAllIO) refers to adc.o(.bss) for ADValue
    adc.o(i.Adc_GetIO) refers to adc.o(i.filter) for filter
    adc.o(i.Adc_GetIO) refers to adc.o(.data) for adcv
    adc.o(i.Adc_GetValue) refers to adc.o(.bss) for ADValue
    adc.o(i.Adc_Init) refers to stm32f10x_rcc.o(i.RCC_APB2PeriphClockCmd) for RCC_APB2PeriphClockCmd
    adc.o(i.Adc_Init) refers to stm32f10x_rcc.o(i.RCC_ADCCLKConfig) for RCC_ADCCLKConfig
    adc.o(i.Adc_Init) refers to stm32f10x_adc.o(i.ADC_DeInit) for ADC_DeInit
    adc.o(i.Adc_Init) refers to stm32f10x_adc.o(i.ADC_Init) for ADC_Init
    adc.o(i.Adc_Init) refers to stm32f10x_adc.o(i.ADC_Cmd) for ADC_Cmd
    adc.o(i.Adc_Init) refers to stm32f10x_adc.o(i.ADC_ResetCalibration) for ADC_ResetCalibration
    adc.o(i.Adc_Init) refers to stm32f10x_adc.o(i.ADC_GetResetCalibrationStatus) for ADC_GetResetCalibrationStatus
    adc.o(i.Adc_Init) refers to stm32f10x_adc.o(i.ADC_StartCalibration) for ADC_StartCalibration
    adc.o(i.Adc_Init) refers to stm32f10x_adc.o(i.ADC_GetCalibrationStatus) for ADC_GetCalibrationStatus
[...]
    libinit.o(.ARM.Collect$$libinit$$00000000) refers (Special) to libinit2.o(.ARM.Collect$$libinit$$00000017) for __rt_lib_init_lc_numeric_1
    libinit.o(.ARM.Collect$$libinit$$00000000) refers (Special) to libinit2.o(.ARM.Collect$$libinit$$00000019) for __rt_lib_init_lc_time_1
    libinit.o(.ARM.Collect$$libinit$$00000000) refers (Special) to libinit2.o(.ARM.Collect$$libinit$$00000004) for __rt_lib_init_preinit_1
    libinit.o(.ARM.Collect$$libinit$$00000000) refers (Special) to libinit2.o(.ARM.Collect$$libinit$$0000000E) for __rt_lib_init_rand_1
    libinit.o(.ARM.Collect$$libinit$$00000000) refers (Special) to libinit2.o(.ARM.Collect$$libinit$$00000033) for __rt_lib_init_return
    libinit.o(.ARM.Collect$$libinit$$00000000) refers (Special) to libinit2.o(.ARM.Collect$$libinit$$0000001D) for __rt_lib_init_signal_1
    libinit.o(.ARM.Collect$$libinit$$00000000) refers (Special) to libinit2.o(.ARM.Collect$$libinit$$00000025) for __rt_lib_init_stdio_1
    libinit.o(.ARM.Collect$$libinit$$00000000) refers (Special) to libinit2.o(.ARM.Collect$$libinit$$0000000C) for __rt_lib_init_user_alloc_1
    libspace.o(.text) refers to libspace.o(.bss) for __libspace_start
    rtexit.o(.ARM.Collect$$rtexit$$00000000) refers (Special) to rtexit2.o(.ARM.Collect$$rtexit$$00000004) for __rt_exit_exit
    rtexit.o(.ARM.Collect$$rtexit$$00000000) refers (Special) to rtexit2.o(.ARM.Collect$$rtexit$$00000003) for __rt_exit_ls
    rtexit.o(.ARM.Collect$$rtexit$$00000000) refers (Special) to rtexit2.o(.ARM.Collect$$rtexit$$00000002) for __rt_exit_prels_1
    rtexit.o(.ARM.exidx) refers (Special) to rtexit2.o(.ARM.Collect$$rtexit$$00000004) for __rt_exit_exit
    rtexit.o(.ARM.exidx) refers (Special) to rtexit2.o(.ARM.Collect$$rtexit$$00000003) for __rt_exit_ls
    rtexit.o(.ARM.exidx) refers (Special) to rtexit2.o(.ARM.Collect$$rtexit$$00000002) for __rt_exit_prels_1
    rtexit.o(.ARM.exidx) refers to rtexit.o(.ARM.Collect$$rtexit$$00000000) for .ARM.Collect$$rtexit$$00000000
    libinit2.o(.ARM.Collect$$libinit$$00000010) refers to libinit2.o(.ARM.Collect$$libinit$$0000000F) for .ARM.Collect$$libinit$$0000000F
    libinit2.o(.ARM.Collect$$libinit$$00000012) refers to libinit2.o(.ARM.Collect$$libinit$$0000000F) for .ARM.Collect$$libinit$$0000000F
    libinit2.o(.ARM.Collect$$libinit$$00000014) refers to libinit2.o(.ARM.Collect$$libinit$$0000000F) for .ARM.Collect$$libinit$$0000000F
    libinit2.o(.ARM.Collect$$libinit$$00000016) refers to libinit2.o(.ARM.Collect$$libinit$$0000000F) for .ARM.Collect$$libinit$$0000000F
    libinit2.o(.ARM.Collect$$libinit$$00000018) refers to libinit2.o(.ARM.Collect$$libinit$$0000000F) for .ARM.Collect$$libinit$$0000000F
    libinit2.o(.ARM.Collect$$libinit$$00000026) refers to argv_veneer.o(.emb_text) for __ARM_argv_veneer
    libinit2.o(.ARM.Collect$$libinit$$00000027) refers to argv_veneer.o(.emb_text) for __ARM_argv_veneer
    rtexit2.o(.ARM.Collect$$rtexit$$00000003) refers to libshutdown.o(.ARM.Collect$$libshutdown$$00000000) for __rt_lib_shutdown
    rtexit2.o(.ARM.Collect$$rtexit$$00000004) refers to usart.o(i._sys_exit) for _sys_exit
    rtexit2.o(.ARM.exidx) refers to rtexit2.o(.ARM.Collect$$rtexit$$00000001) for .ARM.Collect$$rtexit$$00000001
    rtexit2.o(.ARM.exidx) refers to rtexit2.o(.ARM.Collect$$rtexit$$00000003) for .ARM.Collect$$rtexit$$00000003
    rtexit2.o(.ARM.exidx) refers to rtexit2.o(.ARM.Collect$$rtexit$$00000004) for .ARM.Collect$$rtexit$$00000004
    argv_veneer.o(.emb_text) refers to no_argv.o(.text) for __ARM_get_argv
    _get_argv_nomalloc.o(.text) refers (Special) to hrguard.o(.text) for __heap_region$guard
    _get_argv_nomalloc.o(.text) refers to defsig_rtmem_outer.o(.text) for __rt_SIGRTMEM
    _get_argv_nomalloc.o(.text) refers to sys_command.o(.text) for _sys_command_string
    libshutdown.o(.ARM.Collect$$libshutdown$$00000000) refers (Special) to libshutdown2.o(.ARM.Collect$$libshutdown$$00000002) for __rt_lib_shutdown_cpp_1
    libshutdown.o(.ARM.Collect$$libshutdown$$00000000) refers (Special) to libshutdown2.o(.ARM.Collect$$libshutdown$$00000007) for __rt_lib_shutdown_fp_trap_1
    libshutdown.o(.ARM.Collect$$libshutdown$$00000000) refers (Special) to libshutdown2.o(.ARM.Collect$$libshutdown$$0000000F) for __rt_lib_shutdown_heap_1
    libshutdown.o(.ARM.Collect$$libshutdown$$00000000) refers (Special) to libshutdown2.o(.ARM.Collect$$libshutdown$$00000010) for __rt_lib_shutdown_return
    libshutdown.o(.ARM.Collect$$libshutdown$$00000000) refers (Special) to libshutdown2.o(.ARM.Collect$$libshutdown$$0000000A) for __rt_lib_shutdown_signal_1
    libshutdown.o(.ARM.Collect$$libshutdown$$00000000) refers (Special) to libshutdown2.o(.ARM.Collect$$libshutdown$$00000004) for __rt_lib_shutdown_stdio_1
    libshutdown.o(.ARM.Collect$$libshutdown$$00000000) refers (Special) to libshutdown2.o(.ARM.Collect$$libshutdown$$0000000C) for __rt_lib_shutdown_user_alloc_1
    sys_command.o(.text) refers (Special) to use_no_semi.o(.text) for __I$use$semihosting
    sys_command.o(.text) refers (Special) to indicate_semi.o(.text) for __semihosting_library_function
    defsig_rtmem_outer.o(.text) refers to defsig_rtmem_inner.o(.text) for __rt_SIGRTMEM_inner
    defsig_rtmem_outer.o(.text) refers to defsig_exit.o(.text) for __sig_exit
    defsig_rtmem_formal.o(.text) refers to rt_raise.o(.text) for __rt_raise
    rt_raise.o(.text) refers to __raise.o(.text) for __raise
    rt_raise.o(.text) refers to usart.o(i._sys_exit) for _sys_exit
    defsig_exit.o(.text) refers to usart.o(i._sys_exit) for _sys_exit
    defsig_rtmem_inner.o(.text) refers to defsig_general.o(.text) for __default_signal_display
    __raise.o(.text) refers to defsig.o(CL$$defsig) for __default_signal_handler
    defsig_general.o(.text) refers to sys_wrch.o(.text) for _ttywrch
    sys_wrch.o(.text) refers (Special) to use_no_semi.o(.text) for __I$use$semihosting
    sys_wrch.o(.text) refers (Special) to indicate_semi.o(.text) for __semihosting_library_function
    defsig.o(CL$$defsig) refers to defsig_rtmem_inner.o(.text) for __rt_SIGRTMEM_inner
    defsig_abrt_inner.o(.text) refers to defsig_general.o(.text) for __default_signal_display
    defsig_fpe_inner.o(.text) refers to defsig_general.o(.text) for __default_signal_display
    defsig_rtred_inner.o(.text) refers to defsig_general.o(.text) for __default_signal_display
    defsig_stak_inner.o(.text) refers to defsig_general.o(.text) for __default_signal_display
    defsig_pvfn_inner.o(.text) refers to defsig_general.o(.text) for __default_signal_display
    defsig_cppl_inner.o(.text) refers to defsig_general.o(.text) for __default_signal_display
    defsig_segv_inner.o(.text) refers to defsig_general.o(.text) for __default_signal_display
    defsig_other.o(.text) refers to defsig_general.o(.text) for __default_signal_display


==============================================================================

Removing Unused input sections from the image.

    Removing main.o(.data), (8 bytes).
    Removing system_stm32f10x.o(i.SystemCoreClockUpdate), (164 bytes).
    Removing core_cm3.o(.emb_text), (32 bytes).
    Removing adc.o(i.Adc_GetAllIO), (40 bytes).
    Removing adc.o(i.Adc_GetIO), (32 bytes).
    Removing adc.o(i.Adc_GetValue), (24 bytes).
    Removing adc.o(i.filter), (104 bytes).
    Removing adc.o(.data), (30 bytes).
    Removing down.o(i.Stage), (124 bytes).
    Removing down.o(i.find_dirction), (396 bytes).
    Removing down.o(i.find_enemy), (232 bytes).
    Removing down.o(.data), (78 bytes).
    Removing led.o(i.LED_Init), (80 bytes).
    Removing up.o(i.up_against), (392 bytes).
    Removing up.o(i.up_stage), (72 bytes).
    Removing up.o(.data), (4 bytes).
    Removing misc.o(i.NVIC_SetVectorTable), (20 bytes).
    Removing misc.o(i.NVIC_SystemLPConfig), (32 bytes).
    Removing stm32f10x_adc.o(i.ADC_AnalogWatchdogCmd), (20 bytes).
    Removing stm32f10x_adc.o(i.ADC_AnalogWatchdogSingleChannelConfig), (16 bytes).
    Removing stm32f10x_adc.o(i.ADC_AnalogWatchdogThresholdsConfig), (6 bytes).
    Removing stm32f10x_adc.o(i.ADC_AutoInjectedConvCmd), (22 bytes).
    Removing stm32f10x_adc.o(i.ADC_ClearFlag), (6 bytes).
    Removing stm32f10x_adc.o(i.ADC_ClearITPendingBit), (10 bytes).
    Removing stm32f10x_adc.o(i.ADC_DiscModeChannelCountConfig), (24 bytes).
    Removing stm32f10x_adc.o(i.ADC_DiscModeCmd), (22 bytes).
    Removing stm32f10x_adc.o(i.ADC_ExternalTrigConvCmd), (22 bytes).
    Removing stm32f10x_adc.o(i.ADC_ExternalTrigInjectedConvCmd), (22 bytes).
    Removing stm32f10x_adc.o(i.ADC_ExternalTrigInjectedConvConfig), (16 bytes).
    Removing stm32f10x_adc.o(i.ADC_GetConversionValue), (8 bytes).
    Removing stm32f10x_adc.o(i.ADC_GetDualModeConversionValue), (12 bytes).
    Removing stm32f10x_adc.o(i.ADC_GetFlagStatus), (18 bytes).
    Removing stm32f10x_adc.o(i.ADC_GetITStatus), (36 bytes).
    Removing stm32f10x_adc.o(i.ADC_GetInjectedConversionValue), (28 bytes).
    Removing stm32f10x_adc.o(i.ADC_GetSoftwareStartConvStatus), (20 bytes).
    Removing stm32f10x_adc.o(i.ADC_GetSoftwareStartInjectedConvCmdStatus), (20 bytes).
    Removing stm32f10x_adc.o(i.ADC_ITConfig), (24 bytes).
    Removing stm32f10x_adc.o(i.ADC_InjectedChannelConfig), (130 bytes).
    Removing stm32f10x_adc.o(i.ADC_InjectedDiscModeCmd), (22 bytes).
    Removing stm32f10x_adc.o(i.ADC_InjectedSequencerLengthConfig), (24 bytes).
    Removing stm32f10x_adc.o(i.ADC_SetInjectedOffset), (20 bytes).
    Removing stm32f10x_adc.o(i.ADC_SoftwareStartInjectedConvCmd), (22 bytes).
    Removing stm32f10x_adc.o(i.ADC_StructInit), (18 bytes).
    Removing stm32f10x_adc.o(i.ADC_TempSensorVrefintCmd), (36 bytes).
    Removing stm32f10x_dma.o(i.DMA_ClearFlag), (28 bytes).
    Removing stm32f10x_dma.o(i.DMA_ClearITPendingBit), (28 bytes).
    Removing stm32f10x_dma.o(i.DMA_GetCurrDataCounter), (8 bytes).
    Removing stm32f10x_dma.o(i.DMA_GetFlagStatus), (44 bytes).
    Removing stm32f10x_dma.o(i.DMA_GetITStatus), (44 bytes).
    Removing stm32f10x_dma.o(i.DMA_SetCurrDataCounter), (4 bytes).
    Removing stm32f10x_dma.o(i.DMA_StructInit), (26 bytes).
    Removing stm32f10x_exti.o(i.EXTI_ClearFlag), (12 bytes).
    Removing stm32f10x_exti.o(i.EXTI_DeInit), (36 bytes).
    Removing stm32f10x_exti.o(i.EXTI_GenerateSWInterrupt), (16 bytes).
    Removing stm32f10x_exti.o(i.EXTI_GetFlagStatus), (24 bytes).
    Removing stm32f10x_exti.o(i.EXTI_StructInit), (16 bytes).
    Removing stm32f10x_gpio.o(i.GPIO_AFIODeInit), (20 bytes).
    Removing stm32f10x_gpio.o(i.GPIO_DeInit), (200 bytes).
    Removing stm32f10x_gpio.o(i.GPIO_ETH_MediaInterfaceConfig), (12 bytes).
    Removing stm32f10x_gpio.o(i.GPIO_EventOutputCmd), (12 bytes).
    Removing stm32f10x_gpio.o(i.GPIO_EventOutputConfig), (32 bytes).
    Removing stm32f10x_gpio.o(i.GPIO_PinLockConfig), (18 bytes).
    Removing stm32f10x_gpio.o(i.GPIO_PinRemapConfig), (144 bytes).
    Removing stm32f10x_gpio.o(i.GPIO_ReadInputData), (8 bytes).
    Removing stm32f10x_gpio.o(i.GPIO_ReadInputDataBit), (18 bytes).
    Removing stm32f10x_gpio.o(i.GPIO_ReadOutputData), (8 bytes).
    Removing stm32f10x_gpio.o(i.GPIO_ReadOutputDataBit), (18 bytes).
    Removing stm32f10x_gpio.o(i.GPIO_StructInit), (16 bytes).
    Removing stm32f10x_gpio.o(i.GPIO_Write), (4 bytes).
    Removing stm32f10x_gpio.o(i.GPIO_WriteBit), (10 bytes).
    Removing stm32f10x_rcc.o(i.RCC_APB1PeriphResetCmd), (32 bytes).
    Removing stm32f10x_rcc.o(i.RCC_AdjustHSICalibrationValue), (24 bytes).
    Removing stm32f10x_rcc.o(i.RCC_BackupResetCmd), (12 bytes).
    Removing stm32f10x_rcc.o(i.RCC_ClearFlag), (20 bytes).
    Removing stm32f10x_rcc.o(i.RCC_ClearITPendingBit), (12 bytes).
    Removing stm32f10x_rcc.o(i.RCC_ClockSecuritySystemCmd), (12 bytes).
    Removing stm32f10x_rcc.o(i.RCC_DeInit), (76 bytes).
    Removing stm32f10x_rcc.o(i.RCC_GetFlagStatus), (60 bytes).
    Removing stm32f10x_rcc.o(i.RCC_GetITStatus), (24 bytes).
    Removing stm32f10x_rcc.o(i.RCC_GetSYSCLKSource), (16 bytes).
    Removing stm32f10x_rcc.o(i.RCC_HCLKConfig), (24 bytes).
    Removing stm32f10x_rcc.o(i.RCC_HSEConfig), (76 bytes).
    Removing stm32f10x_rcc.o(i.RCC_HSICmd), (12 bytes).
    Removing stm32f10x_rcc.o(i.RCC_ITConfig), (32 bytes).
    Removing stm32f10x_rcc.o(i.RCC_LSEConfig), (52 bytes).
    Removing stm32f10x_rcc.o(i.RCC_LSICmd), (12 bytes).
    Removing stm32f10x_rcc.o(i.RCC_MCOConfig), (12 bytes).
    Removing stm32f10x_rcc.o(i.RCC_PCLK1Config), (24 bytes).
    Removing stm32f10x_rcc.o(i.RCC_PCLK2Config), (24 bytes).
    Removing stm32f10x_rcc.o(i.RCC_PLLCmd), (12 bytes).
    Removing stm32f10x_rcc.o(i.RCC_PLLConfig), (28 bytes).
    Removing stm32f10x_rcc.o(i.RCC_RTCCLKCmd), (12 bytes).
    Removing stm32f10x_rcc.o(i.RCC_RTCCLKConfig), (16 bytes).
    Removing stm32f10x_rcc.o(i.RCC_SYSCLKConfig), (24 bytes).
    Removing stm32f10x_rcc.o(i.RCC_USBCLKConfig), (12 bytes).
    Removing stm32f10x_rcc.o(i.RCC_WaitForHSEStartUp), (56 bytes).
    Removing stm32f10x_rtc.o(i.RTC_ClearFlag), (16 bytes).
    Removing stm32f10x_rtc.o(i.RTC_ClearITPendingBit), (16 bytes).
    Removing stm32f10x_rtc.o(i.RTC_EnterConfigMode), (20 bytes).
    Removing stm32f10x_rtc.o(i.RTC_ExitConfigMode), (20 bytes).
    Removing stm32f10x_rtc.o(i.RTC_GetCounter), (20 bytes).
    Removing stm32f10x_rtc.o(i.RTC_GetDivider), (24 bytes).
    Removing stm32f10x_rtc.o(i.RTC_GetFlagStatus), (24 bytes).
    Removing stm32f10x_rtc.o(i.RTC_GetITStatus), (36 bytes).
    Removing stm32f10x_rtc.o(i.RTC_ITConfig), (32 bytes).
    Removing stm32f10x_rtc.o(i.RTC_SetAlarm), (28 bytes).
    Removing stm32f10x_rtc.o(i.RTC_SetCounter), (28 bytes).
    Removing stm32f10x_rtc.o(i.RTC_SetPrescaler), (32 bytes).
    Removing stm32f10x_rtc.o(i.RTC_WaitForLastTask), (20 bytes).
    Removing stm32f10x_rtc.o(i.RTC_WaitForSynchro), (36 bytes).
    Removing stm32f10x_sdio.o(i.SDIO_CEATAITCmd), (16 bytes).
    Removing stm32f10x_sdio.o(i.SDIO_ClearFlag), (12 bytes).
    Removing stm32f10x_sdio.o(i.SDIO_ClearITPendingBit), (12 bytes).
    Removing stm32f10x_sdio.o(i.SDIO_ClockCmd), (12 bytes).
    Removing stm32f10x_sdio.o(i.SDIO_CmdStructInit), (14 bytes).
    Removing stm32f10x_sdio.o(i.SDIO_CommandCompletionCmd), (12 bytes).
    Removing stm32f10x_sdio.o(i.SDIO_DMACmd), (12 bytes).
    Removing stm32f10x_sdio.o(i.SDIO_DataConfig), (48 bytes).
    Removing stm32f10x_sdio.o(i.SDIO_DataStructInit), (20 bytes).
    Removing stm32f10x_sdio.o(i.SDIO_DeInit), (36 bytes).
    Removing stm32f10x_sdio.o(i.SDIO_GetCommandResponse), (12 bytes).
    Removing stm32f10x_sdio.o(i.SDIO_GetDataCounter), (12 bytes).
    Removing stm32f10x_sdio.o(i.SDIO_GetFIFOCount), (12 bytes).
    Removing stm32f10x_sdio.o(i.SDIO_GetFlagStatus), (24 bytes).
    Removing stm32f10x_sdio.o(i.SDIO_GetITStatus), (24 bytes).
    Removing stm32f10x_sdio.o(i.SDIO_GetPowerState), (16 bytes).
    Removing stm32f10x_sdio.o(i.SDIO_GetResponse), (24 bytes).
    Removing stm32f10x_sdio.o(i.SDIO_ITConfig), (32 bytes).
    Removing stm32f10x_sdio.o(i.SDIO_Init), (48 bytes).
    Removing stm32f10x_sdio.o(i.SDIO_ReadData), (12 bytes).
    Removing stm32f10x_sdio.o(i.SDIO_SendCEATACmd), (12 bytes).
    Removing stm32f10x_sdio.o(i.SDIO_SendCommand), (44 bytes).
    Removing stm32f10x_sdio.o(i.SDIO_SendSDIOSuspendCmd), (12 bytes).
    Removing stm32f10x_sdio.o(i.SDIO_SetPowerState), (28 bytes).
    Removing stm32f10x_sdio.o(i.SDIO_SetSDIOOperation), (12 bytes).
    Removing stm32f10x_sdio.o(i.SDIO_SetSDIOReadWaitMode), (12 bytes).
    Removing stm32f10x_sdio.o(i.SDIO_StartSDIOReadWait), (12 bytes).
    Removing stm32f10x_sdio.o(i.SDIO_StopSDIOReadWait), (12 bytes).
    Removing stm32f10x_sdio.o(i.SDIO_StructInit), (16 bytes).
    Removing stm32f10x_sdio.o(i.SDIO_WriteData), (12 bytes).
    Removing stm32f10x_tim.o(i.TI1_Config), (128 bytes).
    Removing stm32f10x_tim.o(i.TI2_Config), (152 bytes).
    Removing stm32f10x_tim.o(i.TI3_Config), (144 bytes).
    Removing stm32f10x_tim.o(i.TI4_Config), (152 bytes).
    Removing stm32f10x_tim.o(i.TIM_BDTRConfig), (32 bytes).
    Removing stm32f10x_tim.o(i.TIM_BDTRStructInit), (18 bytes).
    Removing stm32f10x_tim.o(i.TIM_CCPreloadControl), (24 bytes).
    Removing stm32f10x_tim.o(i.TIM_CCxCmd), (30 bytes).
    Removing stm32f10x_tim.o(i.TIM_CCxNCmd), (30 bytes).
    Removing stm32f10x_tim.o(i.TIM_ClearFlag), (6 bytes).
    Removing stm32f10x_tim.o(i.TIM_ClearITPendingBit), (6 bytes).
    Removing stm32f10x_tim.o(i.TIM_ClearOC1Ref), (18 bytes).
    Removing stm32f10x_tim.o(i.TIM_ClearOC2Ref), (24 bytes).
    Removing stm32f10x_tim.o(i.TIM_ClearOC3Ref), (18 bytes).
    Removing stm32f10x_tim.o(i.TIM_ClearOC4Ref), (24 bytes).
    Removing stm32f10x_tim.o(i.TIM_CounterModeConfig), (18 bytes).
    Removing stm32f10x_tim.o(i.TIM_DMACmd), (18 bytes).
    Removing stm32f10x_tim.o(i.TIM_DMAConfig), (10 bytes).
    Removing stm32f10x_tim.o(i.TIM_DeInit), (488 bytes).
    Removing stm32f10x_tim.o(i.TIM_ETRClockMode1Config), (54 bytes).
    Removing stm32f10x_tim.o(i.TIM_ETRClockMode2Config), (32 bytes).
    Removing stm32f10x_tim.o(i.TIM_ETRConfig), (28 bytes).
    Removing stm32f10x_tim.o(i.TIM_EncoderInterfaceConfig), (66 bytes).
    Removing stm32f10x_tim.o(i.TIM_ForcedOC1Config), (18 bytes).
    Removing stm32f10x_tim.o(i.TIM_ForcedOC2Config), (26 bytes).
    Removing stm32f10x_tim.o(i.TIM_ForcedOC3Config), (18 bytes).
    Removing stm32f10x_tim.o(i.TIM_ForcedOC4Config), (26 bytes).
    Removing stm32f10x_tim.o(i.TIM_GenerateEvent), (4 bytes).
    Removing stm32f10x_tim.o(i.TIM_GetCapture1), (6 bytes).
    Removing stm32f10x_tim.o(i.TIM_GetCapture2), (6 bytes).
    Removing stm32f10x_tim.o(i.TIM_GetCapture3), (6 bytes).
    Removing stm32f10x_tim.o(i.TIM_GetCapture4), (8 bytes).
    Removing stm32f10x_tim.o(i.TIM_GetCounter), (6 bytes).
    Removing stm32f10x_tim.o(i.TIM_GetFlagStatus), (18 bytes).
    Removing stm32f10x_tim.o(i.TIM_GetITStatus), (34 bytes).
    Removing stm32f10x_tim.o(i.TIM_GetPrescaler), (6 bytes).
    Removing stm32f10x_tim.o(i.TIM_ICInit), (172 bytes).
    Removing stm32f10x_tim.o(i.TIM_ICStructInit), (18 bytes).
    Removing stm32f10x_tim.o(i.TIM_ITConfig), (18 bytes).
    Removing stm32f10x_tim.o(i.TIM_ITRxExternalClockConfig), (24 bytes).
    Removing stm32f10x_tim.o(i.TIM_InternalClockConfig), (12 bytes).
    Removing stm32f10x_tim.o(i.TIM_OC1FastConfig), (18 bytes).
    Removing stm32f10x_tim.o(i.TIM_OC1NPolarityConfig), (18 bytes).
    Removing stm32f10x_tim.o(i.TIM_OC1PolarityConfig), (18 bytes).
    Removing stm32f10x_tim.o(i.TIM_OC2FastConfig), (26 bytes).
    Removing stm32f10x_tim.o(i.TIM_OC2NPolarityConfig), (26 bytes).
    Removing stm32f10x_tim.o(i.TIM_OC2PolarityConfig), (26 bytes).
    Removing stm32f10x_tim.o(i.TIM_OC3FastConfig), (18 bytes).
    Removing stm32f10x_tim.o(i.TIM_OC3NPolarityConfig), (26 bytes).
    Removing stm32f10x_tim.o(i.TIM_OC3PolarityConfig), (26 bytes).
    Removing stm32f10x_tim.o(i.TIM_OC4FastConfig), (26 bytes).
    Removing stm32f10x_tim.o(i.TIM_OC4PolarityConfig), (26 bytes).
    Removing stm32f10x_tim.o(i.TIM_OCStructInit), (20 bytes).
    Removing stm32f10x_tim.o(i.TIM_PWMIConfig), (124 bytes).
    Removing stm32f10x_tim.o(i.TIM_PrescalerConfig), (6 bytes).
    Removing stm32f10x_tim.o(i.TIM_SelectCCDMA), (24 bytes).
    Removing stm32f10x_tim.o(i.TIM_SelectCOM), (24 bytes).
    Removing stm32f10x_tim.o(i.TIM_SelectHallSensor), (24 bytes).
    Removing stm32f10x_tim.o(i.TIM_SelectInputTrigger), (18 bytes).
    Removing stm32f10x_tim.o(i.TIM_SelectMasterSlaveMode), (18 bytes).
    Removing stm32f10x_tim.o(i.TIM_SelectOCxM), (82 bytes).
    Removing stm32f10x_tim.o(i.TIM_SelectOnePulseMode), (18 bytes).
    Removing stm32f10x_tim.o(i.TIM_SelectOutputTrigger), (18 bytes).
    Removing stm32f10x_tim.o(i.TIM_SelectSlaveMode), (18 bytes).
    Removing stm32f10x_tim.o(i.TIM_SetAutoreload), (4 bytes).
    Removing stm32f10x_tim.o(i.TIM_SetClockDivision), (18 bytes).
    Removing stm32f10x_tim.o(i.TIM_SetCompare1), (4 bytes).
    Removing stm32f10x_tim.o(i.TIM_SetCompare2), (4 bytes).
    Removing stm32f10x_tim.o(i.TIM_SetCompare3), (4 bytes).
    Removing stm32f10x_tim.o(i.TIM_SetCompare4), (6 bytes).
    Removing stm32f10x_tim.o(i.TIM_SetCounter), (4 bytes).
    Removing stm32f10x_tim.o(i.TIM_SetIC1Prescaler), (18 bytes).
    Removing stm32f10x_tim.o(i.TIM_SetIC2Prescaler), (26 bytes).
    Removing stm32f10x_tim.o(i.TIM_SetIC3Prescaler), (18 bytes).
    Removing stm32f10x_tim.o(i.TIM_SetIC4Prescaler), (26 bytes).
    Removing stm32f10x_tim.o(i.TIM_TIxExternalClockConfig), (62 bytes).
    Removing stm32f10x_tim.o(i.TIM_TimeBaseStructInit), (18 bytes).
    Removing stm32f10x_tim.o(i.TIM_UpdateDisableConfig), (24 bytes).
    Removing stm32f10x_tim.o(i.TIM_UpdateRequestConfig), (24 bytes).
    Removing stm32f10x_usart.o(i.USART_ClearFlag), (18 bytes).
    Removing stm32f10x_usart.o(i.USART_ClearITPendingBit), (30 bytes).
    Removing stm32f10x_usart.o(i.USART_ClockInit), (34 bytes).
    Removing stm32f10x_usart.o(i.USART_ClockStructInit), (12 bytes).
    Removing stm32f10x_usart.o(i.USART_DMACmd), (18 bytes).
    Removing stm32f10x_usart.o(i.USART_DeInit), (156 bytes).
    Removing stm32f10x_usart.o(i.USART_GetFlagStatus), (26 bytes).
    Removing stm32f10x_usart.o(i.USART_HalfDuplexCmd), (24 bytes).
    Removing stm32f10x_usart.o(i.USART_IrDACmd), (24 bytes).
    Removing stm32f10x_usart.o(i.USART_IrDAConfig), (18 bytes).
    Removing stm32f10x_usart.o(i.USART_LINBreakDetectLengthConfig), (18 bytes).
    Removing stm32f10x_usart.o(i.USART_LINCmd), (24 bytes).
    Removing stm32f10x_usart.o(i.USART_OneBitMethodCmd), (24 bytes).
    Removing stm32f10x_usart.o(i.USART_OverSampling8Cmd), (22 bytes).
    Removing stm32f10x_usart.o(i.USART_ReceiverWakeUpCmd), (24 bytes).
    Removing stm32f10x_usart.o(i.USART_SendBreak), (10 bytes).
    Removing stm32f10x_usart.o(i.USART_SendData), (8 bytes).
    Removing stm32f10x_usart.o(i.USART_SetAddress), (18 bytes).
    Removing stm32f10x_usart.o(i.USART_SetGuardTime), (16 bytes).
    Removing stm32f10x_usart.o(i.USART_SetPrescaler), (16 bytes).
    Removing stm32f10x_usart.o(i.USART_SmartCardCmd), (24 bytes).
    Removing stm32f10x_usart.o(i.USART_SmartCardNACKCmd), (24 bytes).
    Removing stm32f10x_usart.o(i.USART_StructInit), (24 bytes).
    Removing stm32f10x_usart.o(i.USART_WakeUpConfig), (18 bytes).
    Removing delay.o(i.delay_us), (76 bytes).
    Removing usart.o(i.fputc), (28 bytes).
    Removing sys.o(.emb_text), (6 bytes).
    Removing sys.o(i.INTX_DISABLE), (4 bytes).
    Removing sys.o(i.INTX_ENABLE), (4 bytes).
    Removing sys.o(i.WFI_SET), (4 bytes).

249 unused section(s) (total 8550 bytes) removed from the image.

==============================================================================

Image Symbol Table

    Local Symbols

    Symbol Name                              Value     Ov Type        Size  Object(Section)

    ../clib/angel/boardlib.s                 0x00000000   Number         0  boardinit3.o ABSOLUTE
    ../clib/angel/boardlib.s                 0x00000000   Number         0  boardinit2.o ABSOLUTE
    ../clib/angel/boardlib.s                 0x00000000   Number         0  boardinit1.o ABSOLUTE
    ../clib/angel/boardlib.s                 0x00000000   Number         0  boardshut.o ABSOLUTE
    ../clib/angel/handlers.s                 0x00000000   Number         0  __scatter_copy.o ABSOLUTE
    ../clib/angel/handlers.s                 0x00000000   Number         0  __scatter_zi.o ABSOLUTE
    ../clib/angel/kernel.s                   0x00000000   Number         0  __rtentry.o ABSOLUTE
    ../clib/angel/kernel.s                   0x00000000   Number         0  __rtentry2.o ABSOLUTE
    ../clib/angel/kernel.s                   0x00000000   Number         0  rtexit2.o ABSOLUTE
    ../clib/angel/kernel.s                   0x00000000   Number         0  __rtentry4.o ABSOLUTE
    ../clib/angel/kernel.s                   0x00000000   Number         0  rtexit.o ABSOLUTE
    ../clib/angel/rt.s                       0x00000000   Number         0  rt_raise.o ABSOLUTE
    ../clib/angel/scatter.s                  0x00000000   Number         0  __scatter.o ABSOLUTE
    ../clib/angel/startup.s                  0x00000000   Number         0  __main.o ABSOLUTE
    ../clib/angel/sys.s                      0x00000000   Number         0  indicate_semi.o ABSOLUTE
    ../clib/angel/sys.s                      0x00000000   Number         0  libspace.o ABSOLUTE
    ../clib/angel/sys.s                      0x00000000   Number         0  use_no_semi.o ABSOLUTE
    ../clib/angel/sys.s                      0x00000000   Number         0  sys_stackheap_outer.o ABSOLUTE
    ../clib/angel/sys.s                      0x00000000   Number         0  use_no_semi_2.o ABSOLUTE
    ../clib/angel/sysapp.c                   0x00000000   Number         0  sys_wrch.o ABSOLUTE
    ../clib/angel/sysapp.c                   0x00000000   Number         0  sys_command.o ABSOLUTE
    ../clib/armsys.c                         0x00000000   Number         0  no_argv.o ABSOLUTE
    ../clib/armsys.c                         0x00000000   Number         0  _get_argv_nomalloc.o ABSOLUTE
    ../clib/armsys.c                         0x00000000   Number         0  argv_veneer.o ABSOLUTE
    ../clib/armsys.c                         0x00000000   Number         0  argv_veneer.o ABSOLUTE
    ../clib/heapalloc.c                      0x00000000   Number         0  hrguard.o ABSOLUTE
    ../clib/heapaux.c                        0x00000000   Number         0  heapauxi.o ABSOLUTE
    ../clib/libinit.s                        0x00000000   Number         0  libshutdown.o ABSOLUTE
    ../clib/libinit.s                        0x00000000   Number         0  libinit.o ABSOLUTE
    ../clib/libinit.s                        0x00000000   Number         0  libinit2.o ABSOLUTE
    ../clib/libinit.s                        0x00000000   Number         0  libshutdown2.o ABSOLUTE
    ../clib/signal.c                         0x00000000   Number         0  defsig_general.o ABSOLUTE
    ../clib/signal.c                         0x00000000   Number         0  __raise.o ABSOLUTE
    ../clib/signal.c                         0x00000000   Number         0  defsig_exit.o ABSOLUTE
    ../clib/signal.c                         0x00000000   Number         0  defsig_rtmem_formal.o ABSOLUTE
    ../clib/signal.c                         0x00000000   Number         0  defsig_rtmem_outer.o ABSOLUTE
    ../clib/signal.c                         0x00000000   Number         0  defsig_rtmem_inner.o ABSOLUTE
    ../clib/signal.c                         0x00000000   Number         0  defsig_fpe_inner.o ABSOLUTE
    ../clib/signal.c                         0x00000000   Number         0  defsig_stak_inner.o ABSOLUTE
    ../clib/signal.c                         0x00000000   Number         0  defsig_pvfn_inner.o ABSOLUTE
    ../clib/signal.c                         0x00000000   Number         0  defsig_cppl_inner.o ABSOLUTE
    ../clib/signal.c                         0x00000000   Number         0  defsig_segv_inner.o ABSOLUTE
    ../clib/signal.c                         0x00000000   Number         0  defsig_other.o ABSOLUTE
    ../clib/signal.c                         0x00000000   Number         0  defsig_abrt_inner.o ABSOLUTE
    ../clib/signal.c                         0x00000000   Number         0  defsig_rtred_inner.o ABSOLUTE
    ../clib/signal.s                         0x00000000   Number         0  defsig.o ABSOLUTE
    ../clib/stdlib.c                         0x00000000   Number         0  exit.o ABSOLUTE
    ../fplib/daddsub.s                       0x00000000   Number         0  daddsub_clz.o ABSOLUTE
    ../fplib/dfixu.s                         0x00000000   Number         0  dfixu.o ABSOLUTE
    ../fplib/dflt.s                          0x00000000   Number         0  dflt_clz.o ABSOLUTE
    ../fplib/dmul.s                          0x00000000   Number         0  dmul.o ABSOLUTE
    ../fplib/dnaninf.s                       0x00000000   Number         0  dnaninf.o ABSOLUTE
    ../fplib/dretinf.s                       0x00000000   Number         0  dretinf.o ABSOLUTE
    ../fplib/fpinit.s                        0x00000000   Number         0  fpinit.o ABSOLUTE
    ../fplib/usenofp.s                       0x00000000   Number         0  usenofp.o ABSOLUTE
    ..\CORE\core_cm3.c                       0x00000000   Number         0  core_cm3.o ABSOLUTE
    ..\CORE\startup_stm32f10x_hd.s           0x00000000   Number         0  startup_stm32f10x_hd.o ABSOLUTE
    ..\HARDWARE\Moto_Mode.c                  0x00000000   Number         0  moto_mode.o ABSOLUTE
    ..\HARDWARE\adc.c                        0x00000000   Number         0  adc.o ABSOLUTE
    ..\HARDWARE\down.c                       0x00000000   Number         0  down.o ABSOLUTE
    ..\HARDWARE\exti.c                       0x00000000   Number         0  exti.o ABSOLUTE
    ..\HARDWARE\gpio.c                       0x00000000   Number         0  gpio.o ABSOLUTE
    ..\HARDWARE\led.c                        0x00000000   Number         0  led.o ABSOLUTE
    ..\HARDWARE\pwm.c                        0x00000000   Number         0  pwm.o ABSOLUTE
    ..\STM32F10X_FWilb\src\misc.c            0x00000000   Number         0  misc.o ABSOLUTE
    ..\STM32F10X_FWilb\src\stm32f10x_adc.c   0x00000000   Number         0  stm32f10x_adc.o ABSOLUTE
    ..\STM32F10X_FWilb\src\stm32f10x_dma.c   0x00000000   Number         0  stm32f10x_dma.o ABSOLUTE
    ..\STM32F10X_FWilb\src\stm32f10x_exti.c  0x00000000   Number         0  stm32f10x_exti.o ABSOLUTE
    ..\STM32F10X_FWilb\src\stm32f10x_gpio.c  0x00000000   Number         0  stm32f10x_gpio.o ABSOLUTE
    ..\STM32F10X_FWilb\src\stm32f10x_rcc.c   0x00000000   Number         0  stm32f10x_rcc.o ABSOLUTE
    ..\STM32F10X_FWilb\src\stm32f10x_rtc.c   0x00000000   Number         0  stm32f10x_rtc.o ABSOLUTE
    ..\STM32F10X_FWilb\src\stm32f10x_sdio.c  0x00000000   Number         0  stm32f10x_sdio.o ABSOLUTE
    ..\STM32F10X_FWilb\src\stm32f10x_tim.c   0x00000000   Number         0  stm32f10x_tim.o ABSOLUTE
    ..\STM32F10X_FWilb\src\stm32f10x_usart.c 0x00000000   Number         0  stm32f10x_usart.o ABSOLUTE
    ..\SYSTEM\delay\delay.c                  0x00000000   Number         0  delay.o ABSOLUTE
    ..\SYSTEM\sys\sys.c                      0x00000000   Number         0  sys.o ABSOLUTE
    ..\SYSTEM\usart\usart.c                  0x00000000   Number         0  usart.o ABSOLUTE
    ..\\CORE\\core_cm3.c                     0x00000000   Number         0  core_cm3.o ABSOLUTE
    ..\\SYSTEM\\sys\\sys.c                   0x00000000   Number         0  sys.o ABSOLUTE
    dc.s                                     0x00000000   Number         0  dc.o ABSOLUTE
    main.c                                   0x00000000   Number         0  main.o ABSOLUTE
    stm32f10x_it.c                           0x00000000   Number         0  stm32f10x_it.o ABSOLUTE
    system_stm32f10x.c                       0x00000000   Number         0  system_stm32f10x.o ABSOLUTE
    up.c                                     0x00000000   Number         0  up.o ABSOLUTE
    RESET                                    0x08000000   Section      304  startup_stm32f10x_hd.o(RESET)
    !!!main                                  0x08000130   Section        8  __main.o(!!!main)
    !!!scatter                               0x08000138   Section       52  __scatter.o(!!!scatter)
    !!handler_copy                           0x0800016c   Section       26  __scatter_copy.o(!!handler_copy)
    !!handler_zi                             0x08000188   Section       28  __scatter_zi.o(!!handler_zi)
    .ARM.Collect$$libinit$$00000000          0x080001a4   Section        2  libinit.o(.ARM.Collect$$libinit$$00000000)
    .ARM.Collect$$libinit$$00000002          0x080001a6   Section        0  libinit2.o(.ARM.Collect$$libinit$$00000002)
    .ARM.Collect$$libinit$$00000004          0x080001a6   Section        0  libinit2.o(.ARM.Collect$$libinit$$00000004)
    .ARM.Collect$$libinit$$0000000A          0x080001a6   Section        0  libinit2.o(.ARM.Collect$$libinit$$0000000A)
    .ARM.Collect$$libinit$$0000000C          0x080001a6   Section        0  libinit2.o(.ARM.Collect$$libinit$$0000000C)
    .ARM.Collect$$libinit$$0000000E          0x080001a6   Section        0  libinit2.o(.ARM.Collect$$libinit$$0000000E)
    .ARM.Collect$$libinit$$00000011          0x080001a6   Section        0  libinit2.o(.ARM.Collect$$libinit$$00000011)
    .ARM.Collect$$libinit$$00000013          0x080001a6   Section        0  libinit2.o(.ARM.Collect$$libinit$$00000013)
    .ARM.Collect$$libinit$$00000015          0x080001a6   Section        0  libinit2.o(.ARM.Collect$$libinit$$00000015)
    .ARM.Collect$$libinit$$00000017          0x080001a6   Section        0  libinit2.o(.ARM.Collect$$libinit$$00000017)
    .ARM.Collect$$libinit$$00000019          0x080001a6   Section        0  libinit2.o(.ARM.Collect$$libinit$$00000019)
    .ARM.Collect$$libinit$$0000001B          0x080001a6   Section        0  libinit2.o(.ARM.Collect$$libinit$$0000001B)
    .ARM.Collect$$libinit$$0000001D          0x080001a6   Section        0  libinit2.o(.ARM.Collect$$libinit$$0000001D)
    .ARM.Collect$$libinit$$0000001F          0x080001a6   Section        0  libinit2.o(.ARM.Collect$$libinit$$0000001F)
    .ARM.Collect$$libinit$$00000021          0x080001a6   Section        0  libinit2.o(.ARM.Collect$$libinit$$00000021)
    .ARM.Collect$$libinit$$00000023          0x080001a6   Section        0  libinit2.o(.ARM.Collect$$libinit$$00000023)
    .ARM.Collect$$libinit$$00000025          0x080001a6   Section        0  libinit2.o(.ARM.Collect$$libinit$$00000025)
    .ARM.Collect$$libinit$$0000002C          0x080001a6   Section        0  libinit2.o(.ARM.Collect$$libinit$$0000002C)
    .ARM.Collect$$libinit$$0000002E          0x080001a6   Section        0  libinit2.o(.ARM.Collect$$libinit$$0000002E)
    .ARM.Collect$$libinit$$00000030          0x080001a6   Section        0  libinit2.o(.ARM.Collect$$libinit$$00000030)
    .ARM.Collect$$libinit$$00000032          0x080001a6   Section        0  libinit2.o(.ARM.Collect$$libinit$$00000032)
    .ARM.Collect$$libinit$$00000033          0x080001a6   Section        2  libinit2.o(.ARM.Collect$$libinit$$00000033)
    .ARM.Collect$$libshutdown$$00000000      0x080001a8   Section        2  libshutdown.o(.ARM.Collect$$libshutdown$$00000000)
    .ARM.Collect$$libshutdown$$00000002      0x080001aa   Section        0  libshutdown2.o(.ARM.Collect$$libshutdown$$00000002)
    .ARM.Collect$$libshutdown$$00000004      0x080001aa   Section        0  libshutdown2.o(.ARM.Collect$$libshutdown$$00000004)
    .ARM.Collect$$libshutdown$$00000007      0x080001aa   Section        0  libshutdown2.o(.ARM.Collect$$libshutdown$$00000007)
    .ARM.Collect$$libshutdown$$0000000A      0x080001aa   Section        0  libshutdown2.o(.ARM.Collect$$libshutdown$$0000000A)
    .ARM.Collect$$libshutdown$$0000000C      0x080001aa   Section        0  libshutdown2.o(.ARM.Collect$$libshutdown$$0000000C)
    .ARM.Collect$$libshutdown$$0000000F      0x080001aa   Section        0  libshutdown2.o(.ARM.Collect$$libshutdown$$0000000F)
    .ARM.Collect$$libshutdown$$00000010      0x080001aa   Section        2  libshutdown2.o(.ARM.Collect$$libshutdown$$00000010)
    .ARM.Collect$$rtentry$$00000000          0x080001ac   Section        0  __rtentry.o(.ARM.Collect$$rtentry$$00000000)
    .ARM.Collect$$rtentry$$00000002          0x080001ac   Section        0  __rtentry2.o(.ARM.Collect$$rtentry$$00000002)
    .ARM.Collect$$rtentry$$00000004          0x080001ac   Section        6  __rtentry4.o(.ARM.Collect$$rtentry$$00000004)
    .ARM.Collect$$rtentry$$00000009          0x080001b2   Section        0  __rtentry2.o(.ARM.Collect$$rtentry$$00000009)
    .ARM.Collect$$rtentry$$0000000A          0x080001b2   Section        4  __rtentry2.o(.ARM.Collect$$rtentry$$0000000A)
    .ARM.Collect$$rtentry$$0000000C          0x080001b6   Section        0  __rtentry2.o(.ARM.Collect$$rtentry$$0000000C)
    .ARM.Collect$$rtentry$$0000000D          0x080001b6   Section        8  __rtentry2.o(.ARM.Collect$$rtentry$$0000000D)
    .ARM.Collect$$rtexit$$00000000           0x080001be   Section        2  rtexit.o(.ARM.Collect$$rtexit$$00000000)
    .ARM.Collect$$rtexit$$00000002           0x080001c0   Section        0  rtexit2.o(.ARM.Collect$$rtexit$$00000002)
    .ARM.Collect$$rtexit$$00000003           0x080001c0   Section        4  rtexit2.o(.ARM.Collect$$rtexit$$00000003)
    .ARM.Collect$$rtexit$$00000004           0x080001c4   Section        6  rtexit2.o(.ARM.Collect$$rtexit$$00000004)
    .text                                    0x080001cc   Section       64  startup_stm32f10x_hd.o(.text)
    .text                                    0x0800020c   Section        2  use_no_semi_2.o(.text)
    .text                                    0x0800020e   Section        0  heapauxi.o(.text)
    .text                                    0x08000214   Section        2  use_no_semi.o(.text)
    .text                                    0x08000216   Section       74  sys_stackheap_outer.o(.text)
    .text                                    0x08000260   Section        0  exit.o(.text)
    .text                                    0x08000274   Section        8  libspace.o(.text)
    i.ADC_Cmd                                0x0800027c   Section        0  stm32f10x_adc.o(i.ADC_Cmd)
    i.ADC_DMACmd                             0x08000292   Section        0  stm32f10x_adc.o(i.ADC_DMACmd)
    i.ADC_DMAConfiguration                   0x080002a8   Section        0  adc.o(i.ADC_DMAConfiguration)
    i.ADC_DeInit                             0x08000310   Section        0  stm32f10x_adc.o(i.ADC_DeInit)
    i.ADC_GetCalibrationStatus               0x0800036c   Section        0  stm32f10x_adc.o(i.ADC_GetCalibrationStatus)
    i.ADC_GetResetCalibrationStatus          0x08000380   Section        0  stm32f10x_adc.o(i.ADC_GetResetCalibrationStatus)
    i.ADC_Init                               0x08000394   Section        0  stm32f10x_adc.o(i.ADC_Init)
    i.ADC_RegularChannelConfig               0x080003e4   Section        0  stm32f10x_adc.o(i.ADC_RegularChannelConfig)
    i.ADC_ResetCalibration                   0x0800049c   Section        0  stm32f10x_adc.o(i.ADC_ResetCalibration)
    i.ADC_SoftwareStartConvCmd               0x080004a6   Section        0  stm32f10x_adc.o(i.ADC_SoftwareStartConvCmd)
    i.ADC_StartCalibration                   0x080004bc   Section        0  stm32f10x_adc.o(i.ADC_StartCalibration)
    i.Adc_Init                               0x080004c8   Section        0  adc.o(i.Adc_Init)
    i.BusFault_Handler                       0x08000614   Section        0  stm32f10x_it.o(i.BusFault_Handler)
    i.DMA_Cmd                                0x08000618   Section        0  stm32f10x_dma.o(i.DMA_Cmd)
    i.DMA_DeInit                             0x08000630   Section        0  stm32f10x_dma.o(i.DMA_DeInit)
    i.DMA_ITConfig                           0x0800077c   Section        0  stm32f10x_dma.o(i.DMA_ITConfig)
    i.DMA_Init                               0x0800078e   Section        0  stm32f10x_dma.o(i.DMA_Init)
    i.DebugMon_Handler                       0x080007ca   Section        0  stm32f10x_it.o(i.DebugMon_Handler)
    i.EXTI2_IRQHandler                       0x080007cc   Section        0  exti.o(i.EXTI2_IRQHandler)
    i.EXTI4_IRQHandler                       0x08000830   Section        0  exti.o(i.EXTI4_IRQHandler)
    i.EXTIX_Init                             0x08000894   Section        0  exti.o(i.EXTIX_Init)
    i.EXTI_ClearITPendingBit                 0x0800091c   Section        0  stm32f10x_exti.o(i.EXTI_ClearITPendingBit)
    i.EXTI_GetITStatus                       0x08000928   Section        0  stm32f10x_exti.o(i.EXTI_GetITStatus)
    i.EXTI_Init                              0x08000950   Section        0  stm32f10x_exti.o(i.EXTI_Init)
    i.GPIO_EXTILineConfig                    0x080009e4   Section        0  stm32f10x_gpio.o(i.GPIO_EXTILineConfig)
    i.GPIO_Init                              0x08000a24   Section        0  stm32f10x_gpio.o(i.GPIO_Init)
    i.GPIO_ResetBits                         0x08000b3a   Section        0  stm32f10x_gpio.o(i.GPIO_ResetBits)
    i.GPIO_SetBits                           0x08000b3e   Section        0  stm32f10x_gpio.o(i.GPIO_SetBits)
    i.Gpio_Init                              0x08000b44   Section        0  gpio.o(i.Gpio_Init)
    i.HardFault_Handler                      0x08000c38   Section        0  stm32f10x_it.o(i.HardFault_Handler)
    i.Init                                   0x08000c3c   Section        0  main.o(i.Init)
    i.MemManage_Handler                      0x08000c98   Section        0  stm32f10x_it.o(i.MemManage_Handler)
    i.NMI_Handler                            0x08000c9c   Section        0  stm32f10x_it.o(i.NMI_Handler)
    i.NVIC_Init                              0x08000ca0   Section        0  misc.o(i.NVIC_Init)
    i.NVIC_PriorityGroupConfig               0x08000d10   Section        0  misc.o(i.NVIC_PriorityGroupConfig)
    i.PendSV_Handler                         0x08000d24   Section        0  stm32f10x_it.o(i.PendSV_Handler)
    i.RCC_ADCCLKConfig                       0x08000d28   Section        0  stm32f10x_rcc.o(i.RCC_ADCCLKConfig)
    i.RCC_AHBPeriphClockCmd                  0x08000d40   Section        0  stm32f10x_rcc.o(i.RCC_AHBPeriphClockCmd)
    i.RCC_APB1PeriphClockCmd                 0x08000d60   Section        0  stm32f10x_rcc.o(i.RCC_APB1PeriphClockCmd)
    i.RCC_APB2PeriphClockCmd                 0x08000d80   Section        0  stm32f10x_rcc.o(i.RCC_APB2PeriphClockCmd)
    i.RCC_APB2PeriphResetCmd                 0x08000da0   Section        0  stm32f10x_rcc.o(i.RCC_APB2PeriphResetCmd)
    i.RCC_GetClocksFreq                      0x08000dc0   Section        0  stm32f10x_rcc.o(i.RCC_GetClocksFreq)
    i.SVC_Handler                            0x08000e94   Section        0  stm32f10x_it.o(i.SVC_Handler)
    i.SetSysClock                            0x08000e96   Section        0  system_stm32f10x.o(i.SetSysClock)
    SetSysClock                              0x08000e97   Thumb Code     8  system_stm32f10x.o(i.SetSysClock)
    i.SetSysClockTo72                        0x08000ea0   Section        0  system_stm32f10x.o(i.SetSysClockTo72)
    SetSysClockTo72                          0x08000ea1   Thumb Code   214  system_stm32f10x.o(i.SetSysClockTo72)
    i.SysTick_CLKSourceConfig                0x08000f80   Section        0  misc.o(i.SysTick_CLKSourceConfig)
    i.SysTick_Handler                        0x08000fa8   Section        0  stm32f10x_it.o(i.SysTick_Handler)
    i.SystemInit                             0x08000fac   Section        0  system_stm32f10x.o(i.SystemInit)
    i.TIM1_PWM_Init                          0x0800100c   Section        0  pwm.o(i.TIM1_PWM_Init)
    i.TIM4_PWM_Init                          0x080010c0   Section        0  pwm.o(i.TIM4_PWM_Init)
    i.TIM_ARRPreloadConfig                   0x0800116c   Section        0  stm32f10x_tim.o(i.TIM_ARRPreloadConfig)
    i.TIM_Cmd                                0x08001184   Section        0  stm32f10x_tim.o(i.TIM_Cmd)
    i.TIM_CtrlPWMOutputs                     0x0800119c   Section        0  stm32f10x_tim.o(i.TIM_CtrlPWMOutputs)
    i.TIM_OC1Init                            0x080011bc   Section        0  stm32f10x_tim.o(i.TIM_OC1Init)
    i.TIM_OC1PreloadConfig                   0x08001254   Section        0  stm32f10x_tim.o(i.TIM_OC1PreloadConfig)
    i.TIM_OC2Init                            0x08001268   Section        0  stm32f10x_tim.o(i.TIM_OC2Init)
    i.TIM_OC2PreloadConfig                   0x0800130c   Section        0  stm32f10x_tim.o(i.TIM_OC2PreloadConfig)
    i.TIM_OC3Init                            0x08001328   Section        0  stm32f10x_tim.o(i.TIM_OC3Init)
    i.TIM_OC3PreloadConfig                   0x080013c8   Section        0  stm32f10x_tim.o(i.TIM_OC3PreloadConfig)
    i.TIM_OC4Init                            0x080013dc   Section        0  stm32f10x_tim.o(i.TIM_OC4Init)
    i.TIM_OC4PreloadConfig                   0x08001458   Section        0  stm32f10x_tim.o(i.TIM_OC4PreloadConfig)
    i.TIM_TimeBaseInit                       0x08001474   Section        0  stm32f10x_tim.o(i.TIM_TimeBaseInit)
    i.USART1_IRQHandler                      0x08001518   Section        0  usart.o(i.USART1_IRQHandler)
    i.USART_Cmd                              0x080015a0   Section        0  stm32f10x_usart.o(i.USART_Cmd)
    i.USART_GetITStatus                      0x080015b8   Section        0  stm32f10x_usart.o(i.USART_GetITStatus)
    i.USART_ITConfig                         0x0800160c   Section        0  stm32f10x_usart.o(i.USART_ITConfig)
    i.USART_Init                             0x08001658   Section        0  stm32f10x_usart.o(i.USART_Init)
    i.USART_ReceiveData                      0x08001730   Section        0  stm32f10x_usart.o(i.USART_ReceiveData)
    i.UsageFault_Handler                     0x0800173a   Section        0  stm32f10x_it.o(i.UsageFault_Handler)
    i._sys_exit                              0x0800173e   Section        0  usart.o(i._sys_exit)
    i.delay_init                             0x08001744   Section        0  delay.o(i.delay_init)
    i.delay_ms                               0x08001788   Section        0  delay.o(i.delay_ms)
    i.handao                                 0x080017d4   Section        0  moto_mode.o(i.handao)
    i.main                                   0x080017e0   Section        0  main.o(i.main)
    i.move                                   0x08001800   Section        0  moto_mode.o(i.move)
    i.turn                                   0x080018ac   Section        0  moto_mode.o(i.turn)
    i.uart_init                              0x08001978   Section        0  usart.o(i.uart_init)
    .data                                    0x20000000   Section       20  system_stm32f10x.o(.data)
    .data                                    0x20000014   Section       12  exti.o(.data)
    x                                        0x20000014   Data           4  exti.o(.data)
    .data                                    0x20000020   Section       20  stm32f10x_rcc.o(.data)
    APBAHBPrescTable                         0x20000020   Data          16  stm32f10x_rcc.o(.data)
    ADCPrescTable                            0x20000030   Data           4  stm32f10x_rcc.o(.data)
    .data                                    0x20000034   Section        4  delay.o(.data)
    fac_us                                   0x20000034   Data           1  delay.o(.data)
    fac_ms                                   0x20000036   Data           2  delay.o(.data)
    .data                                    0x20000038   Section        6  usart.o(.data)
    .bss                                     0x20000040   Section       96  adc.o(.bss)
    .bss                                     0x200000a0   Section      200  usart.o(.bss)
    .bss                                     0x20000168   Section       96  libspace.o(.bss)
    HEAP                                     0x200001c8   Section      512  startup_stm32f10x_hd.o(HEAP)
    Heap_Mem                                 0x200001c8   Data         512  startup_stm32f10x_hd.o(HEAP)
    STACK                                    0x200003c8   Section     1024  startup_stm32f10x_hd.o(STACK)
    Stack_Mem                                0x200003c8   Data        1024  startup_stm32f10x_hd.o(STACK)
    __initial_sp                             0x200007c8   Data           0  startup_stm32f10x_hd.o(STACK)

    Global Symbols

    Symbol Name                              Value     Ov Type        Size  Object(Section)

    BuildAttributes$$THM_ISAv4$P$D$K$B$S$PE$A:L22UL41UL21$X:L11$S22US41US21$IEEE1$IW$USESV6$~STKCKD$USESV7$~SHL$OSPACE$ROPI$EBA8$UX$STANDARDLIB$REQ8$PRES8$EABIv2 0x00000000   Number         0  anon$$obj.o ABSOLUTE
    __ARM_use_no_argv                        0x00000000   Number         0  main.o ABSOLUTE
    __ARM_exceptions_init                     - Undefined Weak Reference
    __alloca_initialize                       - Undefined Weak Reference
    __arm_preinit_                            - Undefined Weak Reference
    __cpp_initialize__aeabi_                  - Undefined Weak Reference
    __cxa_finalize                            - Undefined Weak Reference
    __rt_locale                               - Undefined Weak Reference
    __sigvec_lookup                           - Undefined Weak Reference
    _atexit_init                              - Undefined Weak Reference
    _call_atexit_fns                          - Undefined Weak Reference
    _clock_init                               - Undefined Weak Reference
    _fp_trap_init                             - Undefined Weak Reference
    _fp_trap_shutdown                         - Undefined Weak Reference
    _get_lc_collate                           - Undefined Weak Reference
    _get_lc_ctype                             - Undefined Weak Reference
    _get_lc_monetary                          - Undefined Weak Reference
    _get_lc_numeric                           - Undefined Weak Reference
    _get_lc_time                              - Undefined Weak Reference
    _getenv_init                              - Undefined Weak Reference
    _handle_redirection                       - Undefined Weak Reference
    _init_alloc                               - Undefined Weak Reference
    _init_user_alloc                          - Undefined Weak Reference
    _initio                                   - Undefined Weak Reference
    _rand_init                                - Undefined Weak Reference
    _signal_finish                            - Undefined Weak Reference
    _signal_init                              - Undefined Weak Reference
    _terminate_alloc                          - Undefined Weak Reference
    _terminate_user_alloc                     - Undefined Weak Reference
    _terminateio                              - Undefined Weak Reference
    __Vectors_Size                           0x00000130   Number         0  startup_stm32f10x_hd.o ABSOLUTE
    __Vectors                                0x08000000   Data           4  startup_stm32f10x_hd.o(RESET)
    __Vectors_End                            0x08000130   Data           0  startup_stm32f10x_hd.o(RESET)
    __main                                   0x08000131   Thumb Code     8  __main.o(!!!main)
    __scatterload                            0x08000139   Thumb Code     0  __scatter.o(!!!scatter)
    __scatterload_rt2                        0x08000139   Thumb Code    44  __scatter.o(!!!scatter)
    __scatterload_rt2_thumb_only             0x08000139   Thumb Code     0  __scatter.o(!!!scatter)
    __scatterload_null                       0x08000147   Thumb Code     0  __scatter.o(!!!scatter)
    __scatterload_copy                       0x0800016d   Thumb Code    26  __scatter_copy.o(!!handler_copy)
    __scatterload_zeroinit                   0x08000189   Thumb Code    28  __scatter_zi.o(!!handler_zi)
    __rt_lib_init                            0x080001a5   Thumb Code     0  libinit.o(.ARM.Collect$$libinit$$00000000)
    __rt_lib_init_alloca_1                   0x080001a7   Thumb Code     0  libinit2.o(.ARM.Collect$$libinit$$0000002E)
    __rt_lib_init_argv_1                     0x080001a7   Thumb Code     0  libinit2.o(.ARM.Collect$$libinit$$0000002C)
    __rt_lib_init_atexit_1                   0x080001a7   Thumb Code     0  libinit2.o(.ARM.Collect$$libinit$$0000001B)
    __rt_lib_init_clock_1                    0x080001a7   Thumb Code     0  libinit2.o(.ARM.Collect$$libinit$$00000021)
    __rt_lib_init_cpp_1                      0x080001a7   Thumb Code     0  libinit2.o(.ARM.Collect$$libinit$$00000032)
    __rt_lib_init_exceptions_1               0x080001a7   Thumb Code     0  libinit2.o(.ARM.Collect$$libinit$$00000030)
    __rt_lib_init_fp_1                       0x080001a7   Thumb Code     0  libinit2.o(.ARM.Collect$$libinit$$00000002)
    __rt_lib_init_fp_trap_1                  0x080001a7   Thumb Code     0  libinit2.o(.ARM.Collect$$libinit$$0000001F)
    __rt_lib_init_getenv_1                   0x080001a7   Thumb Code     0  libinit2.o(.ARM.Collect$$libinit$$00000023)
    __rt_lib_init_heap_1                     0x080001a7   Thumb Code     0  libinit2.o(.ARM.Collect$$libinit$$0000000A)
    __rt_lib_init_lc_collate_1               0x080001a7   Thumb Code     0  libinit2.o(.ARM.Collect$$libinit$$00000011)
    __rt_lib_init_lc_ctype_1                 0x080001a7   Thumb Code     0  libinit2.o(.ARM.Collect$$libinit$$00000013)
    __rt_lib_init_lc_monetary_1              0x080001a7   Thumb Code     0  libinit2.o(.ARM.Collect$$libinit$$00000015)
    __rt_lib_init_lc_numeric_1               0x080001a7   Thumb Code     0  libinit2.o(.ARM.Collect$$libinit$$00000017)
    __rt_lib_init_lc_time_1                  0x080001a7   Thumb Code     0  libinit2.o(.ARM.Collect$$libinit$$00000019)
    __rt_lib_init_preinit_1                  0x080001a7   Thumb Code     0  libinit2.o(.ARM.Collect$$libinit$$00000004)
    __rt_lib_init_rand_1                     0x080001a7   Thumb Code     0  libinit2.o(.ARM.Collect$$libinit$$0000000E)
    __rt_lib_init_return                     0x080001a7   Thumb Code     0  libinit2.o(.ARM.Collect$$libinit$$00000033)
    __rt_lib_init_signal_1                   0x080001a7   Thumb Code     0  libinit2.o(.ARM.Collect$$libinit$$0000001D)
    __rt_lib_init_stdio_1                    0x080001a7   Thumb Code     0  libinit2.o(.ARM.Collect$$libinit$$00000025)
    __rt_lib_init_user_alloc_1               0x080001a7   Thumb Code     0  libinit2.o(.ARM.Collect$$libinit$$0000000C)
    __rt_lib_shutdown                        0x080001a9   Thumb Code     0  libshutdown.o(.ARM.Collect$$libshutdown$$00000000)
    __rt_lib_shutdown_cpp_1                  0x080001ab   Thumb Code     0  libshutdown2.o(.ARM.Collect$$libshutdown$$00000002)
    __rt_lib_shutdown_fp_trap_1              0x080001ab   Thumb Code     0  libshutdown2.o(.ARM.Collect$$libshutdown$$00000007)
    __rt_lib_shutdown_heap_1                 0x080001ab   Thumb Code     0  libshutdown2.o(.ARM.Collect$$libshutdown$$0000000F)
    __rt_lib_shutdown_return                 0x080001ab   Thumb Code     0  libshutdown2.o(.ARM.Collect$$libshutdown$$00000010)
    __rt_lib_shutdown_signal_1               0x080001ab   Thumb Code     0  libshutdown2.o(.ARM.Collect$$libshutdown$$0000000A)
    __rt_lib_shutdown_stdio_1                0x080001ab   Thumb Code     0  libshutdown2.o(.ARM.Collect$$libshutdown$$00000004)
    __rt_lib_shutdown_user_alloc_1           0x080001ab   Thumb Code     0  libshutdown2.o(.ARM.Collect$$libshutdown$$0000000C)
    __rt_entry                               0x080001ad   Thumb Code     0  __rtentry.o(.ARM.Collect$$rtentry$$00000000)
    __rt_entry_presh_1                       0x080001ad   Thumb Code     0  __rtentry2.o(.ARM.Collect$$rtentry$$00000002)
    __rt_entry_sh                            0x080001ad   Thumb Code     0  __rtentry4.o(.ARM.Collect$$rtentry$$00000004)
    __rt_entry_li                            0x080001b3   Thumb Code     0  __rtentry2.o(.ARM.Collect$$rtentry$$0000000A)
    __rt_entry_postsh_1                      0x080001b3   Thumb Code     0  __rtentry2.o(.ARM.Collect$$rtentry$$00000009)
    __rt_entry_main                          0x080001b7   Thumb Code     0  __rtentry2.o(.ARM.Collect$$rtentry$$0000000D)
    __rt_entry_postli_1                      0x080001b7   Thumb Code     0  __rtentry2.o(.ARM.Collect$$rtentry$$0000000C)
    __rt_exit                                0x080001bf   Thumb Code     0  rtexit.o(.ARM.Collect$$rtexit$$00000000)
    __rt_exit_ls                             0x080001c1   Thumb Code     0  rtexit2.o(.ARM.Collect$$rtexit$$00000003)
    __rt_exit_prels_1                        0x080001c1   Thumb Code     0  rtexit2.o(.ARM.Collect$$rtexit$$00000002)
    __rt_exit_exit                           0x080001c5   Thumb Code     0  rtexit2.o(.ARM.Collect$$rtexit$$00000004)
    Reset_Handler                            0x080001cd   Thumb Code     8  startup_stm32f10x_hd.o(.text)
    ADC1_2_IRQHandler                        0x080001e7   Thumb Code     0  startup_stm32f10x_hd.o(.text)
    ADC3_IRQHandler                          0x080001e7   Thumb Code     0  startup_stm32f10x_hd.o(.text)
    CAN1_RX1_IRQHandler                      0x080001e7   Thumb Code     0  startup_stm32f10x_hd.o(.text)
    CAN1_SCE_IRQHandler                      0x080001e7   Thumb Code     0  startup_stm32f10x_hd.o(.text)
    DMA1_Channel1_IRQHandler                 0x080001e7   Thumb Code     0  startup_stm32f10x_hd.o(.text)
    DMA1_Channel2_IRQHandler                 0x080001e7   Thumb Code     0  startup_stm32f10x_hd.o(.text)
    DMA1_Channel3_IRQHandler                 0x080001e7   Thumb Code     0  startup_stm32f10x_hd.o(.text)
    DMA1_Channel4_IRQHandler                 0x080001e7   Thumb Code     0  startup_stm32f10x_hd.o(.text)
    DMA1_Channel5_IRQHandler                 0x080001e7   Thumb Code     0  startup_stm32f10x_hd.o(.text)
    DMA1_Channel6_IRQHandler                 0x080001e7   Thumb Code     0  startup_stm32f10x_hd.o(.text)
    DMA1_Channel7_IRQHandler                 0x080001e7   Thumb Code     0  startup_stm32f10x_hd.o(.text)
    DMA2_Channel1_IRQHandler                 0x080001e7   Thumb Code     0  startup_stm32f10x_hd.o(.text)
    DMA2_Channel2_IRQHandler                 0x080001e7   Thumb Code     0  startup_stm32f10x_hd.o(.text)
    DMA2_Channel3_IRQHandler                 0x080001e7   Thumb Code     0  startup_stm32f10x_hd.o(.text)
    DMA2_Channel4_5_IRQHandler               0x080001e7   Thumb Code     0  startup_stm32f10x_hd.o(.text)
    EXTI0_IRQHandler                         0x080001e7   Thumb Code     0  startup_stm32f10x_hd.o(.text)
    EXTI15_10_IRQHandler                     0x080001e7   Thumb Code     0  startup_stm32f10x_hd.o(.text)
    EXTI1_IRQHandler                         0x080001e7   Thumb Code     0  startup_stm32f10x_hd.o(.text)
    EXTI3_IRQHandler                         0x080001e7   Thumb Code     0  startup_stm32f10x_hd.o(.text)
    EXTI9_5_IRQHandler                       0x080001e7   Thumb Code     0  startup_stm32f10x_hd.o(.text)
    FLASH_IRQHandler                         0x080001e7   Thumb Code     0  startup_stm32f10x_hd.o(.text)
    FSMC_IRQHandler                          0x080001e7   Thumb Code     0  startup_stm32f10x_hd.o(.text)
    I2C1_ER_IRQHandler                       0x080001e7   Thumb Code     0  startup_stm32f10x_hd.o(.text)
    I2C1_EV_IRQHandler                       0x080001e7   Thumb Code     0  startup_stm32f10x_hd.o(.text)
    I2C2_ER_IRQHandler                       0x080001e7   Thumb Code     0  startup_stm32f10x_hd.o(.text)
    I2C2_EV_IRQHandler                       0x080001e7   Thumb Code     0  startup_stm32f10x_hd.o(.text)
    PVD_IRQHandler                           0x080001e7   Thumb Code     0  startup_stm32f10x_hd.o(.text)
    RCC_IRQHandler                           0x080001e7   Thumb Code     0  startup_stm32f10x_hd.o(.text)
    RTCAlarm_IRQHandler                      0x080001e7   Thumb Code     0  startup_stm32f10x_hd.o(.text)
    RTC_IRQHandler                           0x080001e7   Thumb Code     0  startup_stm32f10x_hd.o(.text)
    SDIO_IRQHandler                          0x080001e7   Thumb Code     0  startup_stm32f10x_hd.o(.text)
    SPI1_IRQHandler                          0x080001e7   Thumb Code     0  startup_stm32f10x_hd.o(.text)
    SPI2_IRQHandler                          0x080001e7   Thumb Code     0  startup_stm32f10x_hd.o(.text)
    SPI3_IRQHandler                          0x080001e7   Thumb Code     0  startup_stm32f10x_hd.o(.text)
    TAMPER_IRQHandler                        0x080001e7   Thumb Code     0  startup_stm32f10x_hd.o(.text)
    TIM1_BRK_IRQHandler                      0x080001e7   Thumb Code     0  startup_stm32f10x_hd.o(.text)
    TIM1_CC_IRQHandler                       0x080001e7   Thumb Code     0  startup_stm32f10x_hd.o(.text)
    TIM1_TRG_COM_IRQHandler                  0x080001e7   Thumb Code     0  startup_stm32f10x_hd.o(.text)
    TIM1_UP_IRQHandler                       0x080001e7   Thumb Code     0  startup_stm32f10x_hd.o(.text)
    TIM2_IRQHandler                          0x080001e7   Thumb Code     0  startup_stm32f10x_hd.o(.text)
    TIM3_IRQHandler                          0x080001e7   Thumb Code     0  startup_stm32f10x_hd.o(.text)
    TIM4_IRQHandler                          0x080001e7   Thumb Code     0  startup_stm32f10x_hd.o(.text)
    TIM5_IRQHandler                          0x080001e7   Thumb Code     0  startup_stm32f10x_hd.o(.text)
    TIM6_IRQHandler                          0x080001e7   Thumb Code     0  startup_stm32f10x_hd.o(.text)
    TIM7_IRQHandler                          0x080001e7   Thumb Code     0  startup_stm32f10x_hd.o(.text)
    TIM8_BRK_IRQHandler                      0x080001e7   Thumb Code     0  startup_stm32f10x_hd.o(.text)
    TIM8_CC_IRQHandler                       0x080001e7   Thumb Code     0  startup_stm32f10x_hd.o(.text)
    TIM8_TRG_COM_IRQHandler                  0x080001e7   Thumb Code     0  startup_stm32f10x_hd.o(.text)
    TIM8_UP_IRQHandler                       0x080001e7   Thumb Code     0  startup_stm32f10x_hd.o(.text)
    UART4_IRQHandler                         0x080001e7   Thumb Code     0  startup_stm32f10x_hd.o(.text)
    UART5_IRQHandler                         0x080001e7   Thumb Code     0  startup_stm32f10x_hd.o(.text)
    USART2_IRQHandler                        0x080001e7   Thumb Code     0  startup_stm32f10x_hd.o(.text)
    USART3_IRQHandler                        0x080001e7   Thumb Code     0  startup_stm32f10x_hd.o(.text)
    USBWakeUp_IRQHandler                     0x080001e7   Thumb Code     0  startup_stm32f10x_hd.o(.text)
    USB_HP_CAN1_TX_IRQHandler                0x080001e7   Thumb Code     0  startup_stm32f10x_hd.o(.text)
    USB_LP_CAN1_RX0_IRQHandler               0x080001e7   Thumb Code     0  startup_stm32f10x_hd.o(.text)
    WWDG_IRQHandler                          0x080001e7   Thumb Code     0  startup_stm32f10x_hd.o(.text)
    __user_initial_stackheap                 0x080001e9   Thumb Code     0  startup_stm32f10x_hd.o(.text)
    __use_no_semihosting                     0x0800020d   Thumb Code     2  use_no_semi_2.o(.text)
    __use_two_region_memory                  0x0800020f   Thumb Code     2  heapauxi.o(.text)
    __rt_heap_escrow$2region                 0x08000211   Thumb Code     2  heapauxi.o(.text)
    __rt_heap_expand$2region                 0x08000213   Thumb Code     2  heapauxi.o(.text)
    __I$use$semihosting                      0x08000215   Thumb Code     0  use_no_semi.o(.text)
    __use_no_semihosting_swi                 0x08000215   Thumb Code     2  use_no_semi.o(.text)
    __user_setup_stackheap                   0x08000217   Thumb Code    74  sys_stackheap_outer.o(.text)
    exit                                     0x08000261   Thumb Code    18  exit.o(.text)
    __user_libspace                          0x08000275   Thumb Code     8  libspace.o(.text)
    __user_perproc_libspace                  0x08000275   Thumb Code     0  libspace.o(.text)
    __user_perthread_libspace                0x08000275   Thumb Code     0  libspace.o(.text)
    ADC_Cmd                                  0x0800027d   Thumb Code    22  stm32f10x_adc.o(i.ADC_Cmd)
    ADC_DMACmd                               0x08000293   Thumb Code    22  stm32f10x_adc.o(i.ADC_DMACmd)
    ADC_DMAConfiguration                     0x080002a9   Thumb Code    92  adc.o(i.ADC_DMAConfiguration)
    ADC_DeInit                               0x08000311   Thumb Code    78  stm32f10x_adc.o(i.ADC_DeInit)
    ADC_GetCalibrationStatus                 0x0800036d   Thumb Code    20  stm32f10x_adc.o(i.ADC_GetCalibrationStatus)
    ADC_GetResetCalibrationStatus            0x08000381   Thumb Code    20  stm32f10x_adc.o(i.ADC_GetResetCalibrationStatus)
    ADC_Init                                 0x08000395   Thumb Code    70  stm32f10x_adc.o(i.ADC_Init)
    ADC_RegularChannelConfig                 0x080003e5   Thumb Code   184  stm32f10x_adc.o(i.ADC_RegularChannelConfig)
    ADC_ResetCalibration                     0x0800049d   Thumb Code    10  stm32f10x_adc.o(i.ADC_ResetCalibration)
    ADC_SoftwareStartConvCmd                 0x080004a7   Thumb Code    22  stm32f10x_adc.o(i.ADC_SoftwareStartConvCmd)
    ADC_StartCalibration                     0x080004bd   Thumb Code    10  stm32f10x_adc.o(i.ADC_StartCalibration)
    Adc_Init                                 0x080004c9   Thumb Code   326  adc.o(i.Adc_Init)
    BusFault_Handler                         0x08000615   Thumb Code     4  stm32f10x_it.o(i.BusFault_Handler)
    DMA_Cmd                                  0x08000619   Thumb Code    24  stm32f10x_dma.o(i.DMA_Cmd)
    DMA_DeInit                               0x08000631   Thumb Code   324  stm32f10x_dma.o(i.DMA_DeInit)
    DMA_ITConfig                             0x0800077d   Thumb Code    18  stm32f10x_dma.o(i.DMA_ITConfig)
    DMA_Init                                 0x0800078f   Thumb Code    60  stm32f10x_dma.o(i.DMA_Init)
    DebugMon_Handler                         0x080007cb   Thumb Code     2  stm32f10x_it.o(i.DebugMon_Handler)
    EXTI2_IRQHandler                         0x080007cd   Thumb Code    90  exti.o(i.EXTI2_IRQHandler)
    EXTI4_IRQHandler                         0x08000831   Thumb Code    90  exti.o(i.EXTI4_IRQHandler)
    EXTIX_Init                               0x08000895   Thumb Code   136  exti.o(i.EXTIX_Init)
    EXTI_ClearITPendingBit                   0x0800091d   Thumb Code     6  stm32f10x_exti.o(i.EXTI_ClearITPendingBit)
    EXTI_GetITStatus                         0x08000929   Thumb Code    34  stm32f10x_exti.o(i.EXTI_GetITStatus)
    EXTI_Init                                0x08000951   Thumb Code   142  stm32f10x_exti.o(i.EXTI_Init)
    GPIO_EXTILineConfig                      0x080009e5   Thumb Code    60  stm32f10x_gpio.o(i.GPIO_EXTILineConfig)
    GPIO_Init                                0x08000a25   Thumb Code   278  stm32f10x_gpio.o(i.GPIO_Init)
    GPIO_ResetBits                           0x08000b3b   Thumb Code     4  stm32f10x_gpio.o(i.GPIO_ResetBits)
    GPIO_SetBits                             0x08000b3f   Thumb Code     4  stm32f10x_gpio.o(i.GPIO_SetBits)
    Gpio_Init                                0x08000b45   Thumb Code   230  gpio.o(i.Gpio_Init)
    HardFault_Handler                        0x08000c39   Thumb Code     4  stm32f10x_it.o(i.HardFault_Handler)
    Init                                     0x08000c3d   Thumb Code    86  main.o(i.Init)
    MemManage_Handler                        0x08000c99   Thumb Code     4  stm32f10x_it.o(i.MemManage_Handler)
    NMI_Handler                              0x08000c9d   Thumb Code     2  stm32f10x_it.o(i.NMI_Handler)
    NVIC_Init                                0x08000ca1   Thumb Code   100  misc.o(i.NVIC_Init)
    NVIC_PriorityGroupConfig                 0x08000d11   Thumb Code    10  misc.o(i.NVIC_PriorityGroupConfig)
    PendSV_Handler                           0x08000d25   Thumb Code     2  stm32f10x_it.o(i.PendSV_Handler)
    RCC_ADCCLKConfig                         0x08000d29   Thumb Code    18  stm32f10x_rcc.o(i.RCC_ADCCLKConfig)
    RCC_AHBPeriphClockCmd                    0x08000d41   Thumb Code    26  stm32f10x_rcc.o(i.RCC_AHBPeriphClockCmd)
    RCC_APB1PeriphClockCmd                   0x08000d61   Thumb Code    26  stm32f10x_rcc.o(i.RCC_APB1PeriphClockCmd)
    RCC_APB2PeriphClockCmd                   0x08000d81   Thumb Code    26  stm32f10x_rcc.o(i.RCC_APB2PeriphClockCmd)
    RCC_APB2PeriphResetCmd                   0x08000da1   Thumb Code    26  stm32f10x_rcc.o(i.RCC_APB2PeriphResetCmd)
    RCC_GetClocksFreq                        0x08000dc1   Thumb Code   192  stm32f10x_rcc.o(i.RCC_GetClocksFreq)
    SVC_Handler                              0x08000e95   Thumb Code     2  stm32f10x_it.o(i.SVC_Handler)
    SysTick_CLKSourceConfig                  0x08000f81   Thumb Code    40  misc.o(i.SysTick_CLKSourceConfig)
    SysTick_Handler                          0x08000fa9   Thumb Code     2  stm32f10x_it.o(i.SysTick_Handler)
    SystemInit                               0x08000fad   Thumb Code    78  system_stm32f10x.o(i.SystemInit)
    TIM1_PWM_Init                            0x0800100d   Thumb Code   174  pwm.o(i.TIM1_PWM_Init)
    TIM4_PWM_Init                            0x080010c1   Thumb Code   168  pwm.o(i.TIM4_PWM_Init)
    TIM_ARRPreloadConfig                     0x0800116d   Thumb Code    24  stm32f10x_tim.o(i.TIM_ARRPreloadConfig)
    TIM_Cmd                                  0x08001185   Thumb Code    24  stm32f10x_tim.o(i.TIM_Cmd)
    TIM_CtrlPWMOutputs                       0x0800119d   Thumb Code    30  stm32f10x_tim.o(i.TIM_CtrlPWMOutputs)
    TIM_OC1Init                              0x080011bd   Thumb Code   132  stm32f10x_tim.o(i.TIM_OC1Init)
    TIM_OC1PreloadConfig                     0x08001255   Thumb Code    18  stm32f10x_tim.o(i.TIM_OC1PreloadConfig)
    TIM_OC2Init                              0x08001269   Thumb Code   154  stm32f10x_tim.o(i.TIM_OC2Init)
    TIM_OC2PreloadConfig                     0x0800130d   Thumb Code    26  stm32f10x_tim.o(i.TIM_OC2PreloadConfig)
    TIM_OC3Init                              0x08001329   Thumb Code   150  stm32f10x_tim.o(i.TIM_OC3Init)
    TIM_OC3PreloadConfig                     0x080013c9   Thumb Code    18  stm32f10x_tim.o(i.TIM_OC3PreloadConfig)
    TIM_OC4Init                              0x080013dd   Thumb Code   114  stm32f10x_tim.o(i.TIM_OC4Init)
    TIM_OC4PreloadConfig                     0x08001459   Thumb Code    26  stm32f10x_tim.o(i.TIM_OC4PreloadConfig)
    TIM_TimeBaseInit                         0x08001475   Thumb Code   122  stm32f10x_tim.o(i.TIM_TimeBaseInit)
    USART1_IRQHandler                        0x08001519   Thumb Code   122  usart.o(i.USART1_IRQHandler)
    USART_Cmd                                0x080015a1   Thumb Code    24  stm32f10x_usart.o(i.USART_Cmd)
    USART_GetITStatus                        0x080015b9   Thumb Code    84  stm32f10x_usart.o(i.USART_GetITStatus)
    USART_ITConfig                           0x0800160d   Thumb Code    74  stm32f10x_usart.o(i.USART_ITConfig)
    USART_Init                               0x08001659   Thumb Code   210  stm32f10x_usart.o(i.USART_Init)
    USART_ReceiveData                        0x08001731   Thumb Code    10  stm32f10x_usart.o(i.USART_ReceiveData)
    UsageFault_Handler                       0x0800173b   Thumb Code     4  stm32f10x_it.o(i.UsageFault_Handler)
    _sys_exit                                0x0800173f   Thumb Code     4  usart.o(i._sys_exit)
    delay_init                               0x08001745   Thumb Code    50  delay.o(i.delay_init)
    delay_ms                                 0x08001789   Thumb Code    72  delay.o(i.delay_ms)
    handao                                   0x080017d5   Thumb Code     6  moto_mode.o(i.handao)
    main                                     0x080017e1   Thumb Code    32  main.o(i.main)
    move                                     0x08001801   Thumb Code   164  moto_mode.o(i.move)
    turn                                     0x080018ad   Thumb Code   196  moto_mode.o(i.turn)
    uart_init                                0x08001979   Thumb Code   152  usart.o(i.uart_init)
    Region$$Table$$Base                      0x08001a18   Number         0  anon$$obj.o(Region$$Table)
    Region$$Table$$Limit                     0x08001a38   Number         0  anon$$obj.o(Region$$Table)
    SystemCoreClock                          0x20000000   Data           4  system_stm32f10x.o(.data)
    AHBPrescTable                            0x20000004   Data          16  system_stm32f10x.o(.data)
    flag_L                                   0x20000018   Data           4  exti.o(.data)
    flag_R                                   0x2000001c   Data           4  exti.o(.data)
    __stdout                                 0x20000038   Data           4  usart.o(.data)
    USART_RX_STA                             0x2000003c   Data           2  usart.o(.data)
    ADC_DMA_Value                            0x20000040   Data          32  adc.o(.bss)
    last_ADValue                             0x20000060   Data          32  adc.o(.bss)
    ADValue                                  0x20000080   Data          32  adc.o(.bss)
    USART_RX_BUF                             0x200000a0   Data         200  usart.o(.bss)
    __libspace_start                         0x20000168   Data          96  libspace.o(.bss)
    __temporary_stack_top$libspace           0x200001c8   Data           0  libspace.o(.bss)



==============================================================================

Memory Map of the image

  Image Entry point : 0x08000131

  Load Region LR_IROM1 (Base: 0x08000000, Size: 0x00001a78, Max: 0x00080000, ABSOLUTE)

    Execution Region ER_IROM1 (Exec base: 0x08000000, Load base: 0x08000000, Size: 0x00001a38, Max: 0x00080000, ABSOLUTE)

    Exec Addr    Load Addr    Size         Type   Attr      Idx    E Section Name        Object

    0x08000000   0x08000000   0x00000130   Data   RO          271    RESET               startup_stm32f10x_hd.o
    0x08000130   0x08000130   0x00000008   Code   RO         2320  * !!!main             c_w.l(__main.o)
    0x08000138   0x08000138   0x00000034   Code   RO         2498    !!!scatter          c_w.l(__scatter.o)
    0x0800016c   0x0800016c   0x0000001a   Code   RO         2500    !!handler_copy      c_w.l(__scatter_copy.o)
    0x08000186   0x08000186   0x00000002   PAD
    0x08000188   0x08000188   0x0000001c   Code   RO         2502    !!handler_zi        c_w.l(__scatter_zi.o)
    0x080001a4   0x080001a4   0x00000002   Code   RO         2372    .ARM.Collect$$libinit$$00000000  c_w.l(libinit.o)
    0x080001a6   0x080001a6   0x00000000   Code   RO         2379    .ARM.Collect$$libinit$$00000002  c_w.l(libinit2.o)
    0x080001a6   0x080001a6   0x00000000   Code   RO         2381    .ARM.Collect$$libinit$$00000004  c_w.l(libinit2.o)
    0x080001a6   0x080001a6   0x00000000   Code   RO         2384    .ARM.Collect$$libinit$$0000000A  c_w.l(libinit2.o)
    0x080001a6   0x080001a6   0x00000000   Code   RO         2386    .ARM.Collect$$libinit$$0000000C  c_w.l(libinit2.o)
    0x080001a6   0x080001a6   0x00000000   Code   RO         2388    .ARM.Collect$$libinit$$0000000E  c_w.l(libinit2.o)
    0x080001a6   0x080001a6   0x00000000   Code   RO         2391    .ARM.Collect$$libinit$$00000011  c_w.l(libinit2.o)
    0x080001a6   0x080001a6   0x00000000   Code   RO         2393    .ARM.Collect$$libinit$$00000013  c_w.l(libinit2.o)
    0x080001a6   0x080001a6   0x00000000   Code   RO         2395    .ARM.Collect$$libinit$$00000015  c_w.l(libinit2.o)
    0x080001a6   0x080001a6   0x00000000   Code   RO         2397    .ARM.Collect$$libinit$$00000017  c_w.l(libinit2.o)
    0x080001a6   0x080001a6   0x00000000   Code   RO         2399    .ARM.Collect$$libinit$$00000019  c_w.l(libinit2.o)
    0x080001a6   0x080001a6   0x00000000   Code   RO         2401    .ARM.Collect$$libinit$$0000001B  c_w.l(libinit2.o)
    0x080001a6   0x080001a6   0x00000000   Code   RO         2403    .ARM.Collect$$libinit$$0000001D  c_w.l(libinit2.o)
    0x080001a6   0x080001a6   0x00000000   Code   RO         2405    .ARM.Collect$$libinit$$0000001F  c_w.l(libinit2.o)
    0x080001a6   0x080001a6   0x00000000   Code   RO         2407    .ARM.Collect$$libinit$$00000021  c_w.l(libinit2.o)
    0x080001a6   0x080001a6   0x00000000   Code   RO         2409    .ARM.Collect$$libinit$$00000023  c_w.l(libinit2.o)
    0x080001a6   0x080001a6   0x00000000   Code   RO         2411    .ARM.Collect$$libinit$$00000025  c_w.l(libinit2.o)
    0x080001a6   0x080001a6   0x00000000   Code   RO         2415    .ARM.Collect$$libinit$$0000002C  c_w.l(libinit2.o)
    0x080001a6   0x080001a6   0x00000000   Code   RO         2417    .ARM.Collect$$libinit$$0000002E  c_w.l(libinit2.o)
    0x080001a6   0x080001a6   0x00000000   Code   RO         2419    .ARM.Collect$$libinit$$00000030  c_w.l(libinit2.o)
    0x080001a6   0x080001a6   0x00000000   Code   RO         2421    .ARM.Collect$$libinit$$00000032  c_w.l(libinit2.o)
    0x080001a6   0x080001a6   0x00000002   Code   RO         2422    .ARM.Collect$$libinit$$00000033  c_w.l(libinit2.o)
    0x080001a8   0x080001a8   0x00000002   Code   RO         2440    .ARM.Collect$$libshutdown$$00000000  c_w.l(libshutdown.o)
    0x080001aa   0x080001aa   0x00000000   Code   RO         2450    .ARM.Collect$$libshutdown$$00000002  c_w.l(libshutdown2.o)
    0x080001aa   0x080001aa   0x00000000   Code   RO         2452    .ARM.Collect$$libshutdown$$00000004  c_w.l(libshutdown2.o)
    0x080001aa   0x080001aa   0x00000000   Code   RO         2455    .ARM.Collect$$libshutdown$$00000007  c_w.l(libshutdown2.o)
    0x080001aa   0x080001aa   0x00000000   Code   RO         2458    .ARM.Collect$$libshutdown$$0000000A  c_w.l(libshutdown2.o)
    0x080001aa   0x080001aa   0x00000000   Code   RO         2460    .ARM.Collect$$libshutdown$$0000000C  c_w.l(libshutdown2.o)
    0x080001aa   0x080001aa   0x00000000   Code   RO         2463    .ARM.Collect$$libshutdown$$0000000F  c_w.l(libshutdown2.o)
    0x080001aa   0x080001aa   0x00000002   Code   RO         2464    .ARM.Collect$$libshutdown$$00000010  c_w.l(libshutdown2.o)
    0x080001ac   0x080001ac   0x00000000   Code   RO         2342    .ARM.Collect$$rtentry$$00000000  c_w.l(__rtentry.o)
    0x080001ac   0x080001ac   0x00000000   Code   RO         2349    .ARM.Collect$$rtentry$$00000002  c_w.l(__rtentry2.o)
    0x080001ac   0x080001ac   0x00000006   Code   RO         2361    .ARM.Collect$$rtentry$$00000004  c_w.l(__rtentry4.o)
    0x080001b2   0x080001b2   0x00000000   Code   RO         2351    .ARM.Collect$$rtentry$$00000009  c_w.l(__rtentry2.o)
    0x080001b2   0x080001b2   0x00000004   Code   RO         2352    .ARM.Collect$$rtentry$$0000000A  c_w.l(__rtentry2.o)
    0x080001b6   0x080001b6   0x00000000   Code   RO         2354    .ARM.Collect$$rtentry$$0000000C  c_w.l(__rtentry2.o)
    0x080001b6   0x080001b6   0x00000008   Code   RO         2355    .ARM.Collect$$rtentry$$0000000D  c_w.l(__rtentry2.o)
    0x080001be   0x080001be   0x00000002   Code   RO         2376    .ARM.Collect$$rtexit$$00000000  c_w.l(rtexit.o)
    0x080001c0   0x080001c0   0x00000000   Code   RO         2424    .ARM.Collect$$rtexit$$00000002  c_w.l(rtexit2.o)
    0x080001c0   0x080001c0   0x00000004   Code   RO         2425    .ARM.Collect$$rtexit$$00000003  c_w.l(rtexit2.o)
    0x080001c4   0x080001c4   0x00000006   Code   RO         2426    .ARM.Collect$$rtexit$$00000004  c_w.l(rtexit2.o)
    0x080001ca   0x080001ca   0x00000002   PAD
    0x080001cc   0x080001cc   0x00000040   Code   RO          272    .text               startup_stm32f10x_hd.o
    0x0800020c   0x0800020c   0x00000002   Code   RO         2316    .text               c_w.l(use_no_semi_2.o)
    0x0800020e   0x0800020e   0x00000006   Code   RO         2318    .text               c_w.l(heapauxi.o)
    0x08000214   0x08000214   0x00000002   Code   RO         2340    .text               c_w.l(use_no_semi.o)
    0x08000216   0x08000216   0x0000004a   Code   RO         2363    .text               c_w.l(sys_stackheap_outer.o)
    0x08000260   0x08000260   0x00000012   Code   RO         2365    .text               c_w.l(exit.o)
    0x08000272   0x08000272   0x00000002   PAD
    0x08000274   0x08000274   0x00000008   Code   RO         2373    .text               c_w.l(libspace.o)
    0x0800027c   0x0800027c   0x00000016   Code   RO          559    i.ADC_Cmd           stm32f10x_adc.o
    0x08000292   0x08000292   0x00000016   Code   RO          560    i.ADC_DMACmd        stm32f10x_adc.o
    0x080002a8   0x080002a8   0x00000068   Code   RO          276    i.ADC_DMAConfiguration  adc.o
    0x08000310   0x08000310   0x0000005c   Code   RO          561    i.ADC_DeInit        stm32f10x_adc.o
    0x0800036c   0x0800036c   0x00000014   Code   RO          567    i.ADC_GetCalibrationStatus  stm32f10x_adc.o
    0x08000380   0x08000380   0x00000014   Code   RO          573    i.ADC_GetResetCalibrationStatus  stm32f10x_adc.o
    0x08000394   0x08000394   0x00000050   Code   RO          577    i.ADC_Init          stm32f10x_adc.o
    0x080003e4   0x080003e4   0x000000b8   Code   RO          581    i.ADC_RegularChannelConfig  stm32f10x_adc.o
    0x0800049c   0x0800049c   0x0000000a   Code   RO          582    i.ADC_ResetCalibration  stm32f10x_adc.o
    0x080004a6   0x080004a6   0x00000016   Code   RO          584    i.ADC_SoftwareStartConvCmd  stm32f10x_adc.o
    0x080004bc   0x080004bc   0x0000000a   Code   RO          586    i.ADC_StartCalibration  stm32f10x_adc.o
    0x080004c6   0x080004c6   0x00000002   PAD
    0x080004c8   0x080004c8   0x0000014c   Code   RO          280    i.Adc_Init          adc.o
    0x08000614   0x08000614   0x00000004   Code   RO          161    i.BusFault_Handler  stm32f10x_it.o
    0x08000618   0x08000618   0x00000018   Code   RO          777    i.DMA_Cmd           stm32f10x_dma.o
    0x08000630   0x08000630   0x0000014c   Code   RO          778    i.DMA_DeInit        stm32f10x_dma.o
    0x0800077c   0x0800077c   0x00000012   Code   RO          782    i.DMA_ITConfig      stm32f10x_dma.o
    0x0800078e   0x0800078e   0x0000003c   Code   RO          783    i.DMA_Init          stm32f10x_dma.o
    0x080007ca   0x080007ca   0x00000002   Code   RO          162    i.DebugMon_Handler  stm32f10x_it.o
    0x080007cc   0x080007cc   0x00000064   Code   RO          429    i.EXTI2_IRQHandler  exti.o
    0x08000830   0x08000830   0x00000064   Code   RO          430    i.EXTI4_IRQHandler  exti.o
    0x08000894   0x08000894   0x00000088   Code   RO          431    i.EXTIX_Init        exti.o
    0x0800091c   0x0800091c   0x0000000c   Code   RO          848    i.EXTI_ClearITPendingBit  stm32f10x_exti.o
    0x08000928   0x08000928   0x00000028   Code   RO          852    i.EXTI_GetITStatus  stm32f10x_exti.o
    0x08000950   0x08000950   0x00000094   Code   RO          853    i.EXTI_Init         stm32f10x_exti.o
    0x080009e4   0x080009e4   0x00000040   Code   RO          904    i.GPIO_EXTILineConfig  stm32f10x_gpio.o
    0x08000a24   0x08000a24   0x00000116   Code   RO          907    i.GPIO_Init         stm32f10x_gpio.o
    0x08000b3a   0x08000b3a   0x00000004   Code   RO          914    i.GPIO_ResetBits    stm32f10x_gpio.o
    0x08000b3e   0x08000b3e   0x00000004   Code   RO          915    i.GPIO_SetBits      stm32f10x_gpio.o
    0x08000b42   0x08000b42   0x00000002   PAD
    0x08000b44   0x08000b44   0x000000f4   Code   RO          375    i.Gpio_Init         gpio.o
    0x08000c38   0x08000c38   0x00000004   Code   RO          163    i.HardFault_Handler  stm32f10x_it.o
    0x08000c3c   0x08000c3c   0x0000005c   Code   RO            1    i.Init              main.o
    0x08000c98   0x08000c98   0x00000004   Code   RO          164    i.MemManage_Handler  stm32f10x_it.o
    0x08000c9c   0x08000c9c   0x00000002   Code   RO          165    i.NMI_Handler       stm32f10x_it.o
    0x08000c9e   0x08000c9e   0x00000002   PAD
    0x08000ca0   0x08000ca0   0x00000070   Code   RO          517    i.NVIC_Init         misc.o
    0x08000d10   0x08000d10   0x00000014   Code   RO          518    i.NVIC_PriorityGroupConfig  misc.o
    0x08000d24   0x08000d24   0x00000002   Code   RO          166    i.PendSV_Handler    stm32f10x_it.o
    0x08000d26   0x08000d26   0x00000002   PAD
    0x08000d28   0x08000d28   0x00000018   Code   RO         1015    i.RCC_ADCCLKConfig  stm32f10x_rcc.o
    0x08000d40   0x08000d40   0x00000020   Code   RO         1016    i.RCC_AHBPeriphClockCmd  stm32f10x_rcc.o
    0x08000d60   0x08000d60   0x00000020   Code   RO         1017    i.RCC_APB1PeriphClockCmd  stm32f10x_rcc.o
    0x08000d80   0x08000d80   0x00000020   Code   RO         1019    i.RCC_APB2PeriphClockCmd  stm32f10x_rcc.o
    0x08000da0   0x08000da0   0x00000020   Code   RO         1020    i.RCC_APB2PeriphResetCmd  stm32f10x_rcc.o
    0x08000dc0   0x08000dc0   0x000000d4   Code   RO         1027    i.RCC_GetClocksFreq  stm32f10x_rcc.o
    0x08000e94   0x08000e94   0x00000002   Code   RO          167    i.SVC_Handler       stm32f10x_it.o
    0x08000e96   0x08000e96   0x00000008   Code   RO          224    i.SetSysClock       system_stm32f10x.o
    0x08000e9e   0x08000e9e   0x00000002   PAD
    0x08000ea0   0x08000ea0   0x000000e0   Code   RO          225    i.SetSysClockTo72   system_stm32f10x.o
    0x08000f80   0x08000f80   0x00000028   Code   RO          521    i.SysTick_CLKSourceConfig  misc.o
    0x08000fa8   0x08000fa8   0x00000002   Code   RO          168    i.SysTick_Handler   stm32f10x_it.o
    0x08000faa   0x08000faa   0x00000002   PAD
    0x08000fac   0x08000fac   0x00000060   Code   RO          227    i.SystemInit        system_stm32f10x.o
    0x0800100c   0x0800100c   0x000000b4   Code   RO          387    i.TIM1_PWM_Init     pwm.o
    0x080010c0   0x080010c0   0x000000ac   Code   RO          388    i.TIM4_PWM_Init     pwm.o
    0x0800116c   0x0800116c   0x00000018   Code   RO         1495    i.TIM_ARRPreloadConfig  stm32f10x_tim.o
    0x08001184   0x08001184   0x00000018   Code   RO         1507    i.TIM_Cmd           stm32f10x_tim.o
    0x0800119c   0x0800119c   0x0000001e   Code   RO         1509    i.TIM_CtrlPWMOutputs  stm32f10x_tim.o
    0x080011ba   0x080011ba   0x00000002   PAD
    0x080011bc   0x080011bc   0x00000098   Code   RO         1536    i.TIM_OC1Init       stm32f10x_tim.o
    0x08001254   0x08001254   0x00000012   Code   RO         1539    i.TIM_OC1PreloadConfig  stm32f10x_tim.o
    0x08001266   0x08001266   0x00000002   PAD
    0x08001268   0x08001268   0x000000a4   Code   RO         1541    i.TIM_OC2Init       stm32f10x_tim.o
    0x0800130c   0x0800130c   0x0000001a   Code   RO         1544    i.TIM_OC2PreloadConfig  stm32f10x_tim.o
    0x08001326   0x08001326   0x00000002   PAD
    0x08001328   0x08001328   0x000000a0   Code   RO         1546    i.TIM_OC3Init       stm32f10x_tim.o
    0x080013c8   0x080013c8   0x00000012   Code   RO         1549    i.TIM_OC3PreloadConfig  stm32f10x_tim.o
    0x080013da   0x080013da   0x00000002   PAD
    0x080013dc   0x080013dc   0x0000007c   Code   RO         1551    i.TIM_OC4Init       stm32f10x_tim.o
    0x08001458   0x08001458   0x0000001a   Code   RO         1553    i.TIM_OC4PreloadConfig  stm32f10x_tim.o
    0x08001472   0x08001472   0x00000002   PAD
    0x08001474   0x08001474   0x000000a4   Code   RO         1578    i.TIM_TimeBaseInit  stm32f10x_tim.o
    0x08001518   0x08001518   0x00000088   Code   RO         2245    i.USART1_IRQHandler  usart.o
    0x080015a0   0x080015a0   0x00000018   Code   RO         2043    i.USART_Cmd         stm32f10x_usart.o
    0x080015b8   0x080015b8   0x00000054   Code   RO         2047    i.USART_GetITStatus  stm32f10x_usart.o
    0x0800160c   0x0800160c   0x0000004a   Code   RO         2049    i.USART_ITConfig    stm32f10x_usart.o
    0x08001656   0x08001656   0x00000002   PAD
    0x08001658   0x08001658   0x000000d8   Code   RO         2050    i.USART_Init        stm32f10x_usart.o
    0x08001730   0x08001730   0x0000000a   Code   RO         2057    i.USART_ReceiveData  stm32f10x_usart.o
    0x0800173a   0x0800173a   0x00000004   Code   RO          169    i.UsageFault_Handler  stm32f10x_it.o
    0x0800173e   0x0800173e   0x00000004   Code   RO         2246    i._sys_exit         usart.o
    0x08001742   0x08001742   0x00000002   PAD
    0x08001744   0x08001744   0x00000044   Code   RO         2219    i.delay_init        delay.o
    0x08001788   0x08001788   0x0000004c   Code   RO         2220    i.delay_ms          delay.o
    0x080017d4   0x080017d4   0x0000000c   Code   RO          405    i.handao            moto_mode.o
    0x080017e0   0x080017e0   0x00000020   Code   RO            2    i.main              main.o
    0x08001800   0x08001800   0x000000ac   Code   RO          406    i.move              moto_mode.o
    0x080018ac   0x080018ac   0x000000cc   Code   RO          407    i.turn              moto_mode.o
    0x08001978   0x08001978   0x000000a0   Code   RO         2248    i.uart_init         usart.o
    0x08001a18   0x08001a18   0x00000020   Data   RO         2496    Region$$Table       anon$$obj.o


    Execution Region RW_IRAM1 (Exec base: 0x20000000, Load base: 0x08001a38, Size: 0x000007c8, Max: 0x00010000, ABSOLUTE)

    Exec Addr    Load Addr    Size         Type   Attr      Idx    E Section Name        Object

    0x20000000   0x08001a38   0x00000014   Data   RW          228    .data               system_stm32f10x.o
    0x20000014   0x08001a4c   0x0000000c   Data   RW          432    .data               exti.o
    0x20000020   0x08001a58   0x00000014   Data   RW         1047    .data               stm32f10x_rcc.o
    0x20000034   0x08001a6c   0x00000004   Data   RW         2222    .data               delay.o
    0x20000038   0x08001a70   0x00000006   Data   RW         2250    .data               usart.o
    0x2000003e   0x08001a76   0x00000002   PAD
    0x20000040        -       0x00000060   Zero   RW          282    .bss                adc.o
    0x200000a0        -       0x000000c8   Zero   RW         2249    .bss                usart.o
    0x20000168        -       0x00000060   Zero   RW         2374    .bss                c_w.l(libspace.o)
    0x200001c8        -       0x00000200   Zero   RW          270    HEAP                startup_stm32f10x_hd.o
    0x200003c8        -       0x00000400   Zero   RW          269    STACK               startup_stm32f10x_hd.o


==============================================================================

Image component sizes


      Code (inc. data)   RO Data    RW Data    ZI Data      Debug   Object Name

       436         18          0          0         96     217788   adc.o
         0          0          0          0          0         32   core_cm3.o
       144         22          0          4          0       1124   delay.o
       336         20          0         12          0       1755   exti.o
       244         14          0          0          0        572   gpio.o
       124          6          0          0          0      58534   main.o
       172         22          0          0          0       2077   misc.o
       388         22          0          0          0       1691   moto_mode.o
       352         10          0          0          0       1392   pwm.o
        64         26        304          0       1536        776   startup_stm32f10x_hd.o
       482         24          0          0          0       7810   stm32f10x_adc.o
       434          8          0          0          0       4001   stm32f10x_dma.o
       200         18          0          0          0       2128   stm32f10x_exti.o
       350          4          0          0          0       3646   stm32f10x_gpio.o
        26          0          0          0          0       3470   stm32f10x_it.o
       364         50          0         20          0       6038   stm32f10x_rcc.o
       930         92          0          0          0       7849   stm32f10x_tim.o
       408          6          0          0          0       4962   stm32f10x_usart.o
       328         28          0         20          0       2081   system_stm32f10x.o
       300         22          0          6        200       3568   usart.o

    ----------------------------------------------------------------------
      6108        412        336         64       1832     331294   Object Totals
         0          0         32          0          0          0   (incl. Generated)
        26          0          0          2          0          0   (incl. Padding)

    ----------------------------------------------------------------------

      Code (inc. data)   RO Data    RW Data    ZI Data      Debug   Library Member Name

         8          0          0          0          0         68   __main.o
         0          0          0          0          0          0   __rtentry.o
        12          0          0          0          0          0   __rtentry2.o
         6          0          0          0          0          0   __rtentry4.o
        52          8          0          0          0          0   __scatter.o
        26          0          0          0          0          0   __scatter_copy.o
        28          0          0          0          0          0   __scatter_zi.o
        18          0          0          0          0         80   exit.o
         6          0          0          0          0        152   heapauxi.o
         2          0          0          0          0          0   libinit.o
         2          0          0          0          0          0   libinit2.o
         2          0          0          0          0          0   libshutdown.o
         2          0          0          0          0          0   libshutdown2.o
         8          4          0          0         96         68   libspace.o
         2          0          0          0          0          0   rtexit.o
        10          0          0          0          0          0   rtexit2.o
        74          0          0          0          0         80   sys_stackheap_outer.o
         2          0          0          0          0         68   use_no_semi.o
         2          0          0          0          0         68   use_no_semi_2.o

    ----------------------------------------------------------------------
       268         12          0          0         96        584   Library Totals
         6          0          0          0          0          0   (incl. Padding)

    ----------------------------------------------------------------------

      Code (inc. data)   RO Data    RW Data    ZI Data      Debug   Library Name

       262         12          0          0         96        584   c_w.l

    ----------------------------------------------------------------------
       268         12          0          0         96        584   Library Totals

    ----------------------------------------------------------------------

==============================================================================


      Code (inc. data)   RO Data    RW Data    ZI Data      Debug   

      6376        424        336         64       1928     327974   Grand Totals
      6376        424        336         64       1928     327974   ELF Image Totals
      6376        424        336         64          0          0   ROM Totals

==============================================================================

    Total RO  Size (Code + RO Data)                 6712 (   6.55kB)
    Total RW  Size (RW Data + ZI Data)              1992 (   1.95kB)
    Total ROM Size (Code + RO Data + RW Data)       6776 (   6.62kB)

==============================================================================

